
╔═══════════════════════════════════════════════════════════════╗
║        MOTION EXPERIMENT BATCH RUNNER                        ║
╚═══════════════════════════════════════════════════════════════╝

  Started : Wed Jul  8 05:20:26 PM BST 2026
  Patterns: hover
  Log     : /tmp/run_all_motion_20260708_172026.log

  Matrix  : 6 approaches × 11 attacks × 1 pattern(s) = 66 runs

  Swarm   : OK (all 5 drone topics active)

──────────────────────────────────────────────────────────────
  [1/66]  wls/baseline/hover  (17:20:27)
  Restarting swarm for a clean run...
  [restart] (1/60) Killing stale processes...
  [restart] Launching start_swarm_motion.sh (log: /tmp/swarm_restart_1783527629.log)...
  [restart] Swarm ready after 60s.
  → RUNNING (attempt 1)...
/home/msc-lab/Dissertation/scripts/run_all_experiments_motion.sh: line 214: 131710 Killed                  bash "$SCRIPTS/run_experiment_motion.sh" "$APPROACH" "$ATTACK" "$PATTERN" >> "$LOGFILE" 2>&1
  Run failed but swarm still alive — not a crash, not retrying.
  → FAIL (see /tmp/run_all_motion_20260708_172026.log)
  Settling 20s...
──────────────────────────────────────────────────────────────
  [2/66]  wls/sybil/hover  (17:27:30)
  Restarting swarm for a clean run...
  [restart] (2/60) Killing stale processes...
  [restart] Launching start_swarm_motion.sh (log: /tmp/swarm_restart_1783528053.log)...
  [restart] Swarm ready after 60s.
  → RUNNING (attempt 1)...
  → PASS
  Settling 20s...
──────────────────────────────────────────────────────────────
  [3/66]  wls/replay/hover  (17:32:02)
  Restarting swarm for a clean run...
  [restart] (3/60) Killing stale processes...
  [restart] Launching start_swarm_motion.sh (log: /tmp/swarm_restart_1783528325.log)...
  [restart] Swarm ready after 60s.
  → RUNNING (attempt 1)...
  → PASS
  Settling 20s...
──────────────────────────────────────────────────────────────
  [4/66]  wls/wormhole/hover  (17:36:54)
  Restarting swarm for a clean run...
  [restart] (4/60) Killing stale processes...
  [restart] Launching start_swarm_motion.sh (log: /tmp/swarm_restart_1783528640.log)...
  [restart] Swarm ready after 60s.
  → RUNNING (attempt 1)...
  Run failed but swarm still alive — not a crash, not retrying.
  → FAIL (see /tmp/run_all_motion_20260708_172026.log)
  Settling 20s...
──────────────────────────────────────────────────────────────
  [5/66]  wls/sybil_consistent/hover  (17:41:43)
  Restarting swarm for a clean run...
  [restart] (5/60) Killing stale processes...
  [restart] Launching start_swarm_motion.sh (log: /tmp/swarm_restart_1783528906.log)...
  [restart] Swarm ready after 60s.
  → RUNNING (attempt 1)...
  → PASS
  Settling 20s...
──────────────────────────────────────────────────────────────
  [6/66]  wls/replay_gradual/hover  (17:46:26)
  Restarting swarm for a clean run...
  [restart] (6/60) Killing stale processes...
  [restart] Launching start_swarm_motion.sh (log: /tmp/swarm_restart_1783529189.log)...
  [restart] Swarm ready after 60s.
  → RUNNING (attempt 1)...
  → PASS
  Settling 20s...
──────────────────────────────────────────────────────────────
  [7/66]  wls/byzantine/hover  (17:50:59)
  Restarting swarm for a clean run...
  [restart] (7/60) Killing stale processes...
  [restart] Launching start_swarm_motion.sh (log: /tmp/swarm_restart_1783529461.log)...
  [restart] Swarm ready after 60s.
  → RUNNING (attempt 1)...
  → PASS
  Settling 20s...
──────────────────────────────────────────────────────────────
  [8/66]  wls/timesync/hover  (17:56:15)
  Restarting swarm for a clean run...
  [restart] (8/60) Killing stale processes...
  [restart] Launching start_swarm_motion.sh (log: /tmp/swarm_restart_1783529777.log)...
  [restart] Swarm ready after 60s.
  → RUNNING (attempt 1)...
  → PASS
  Settling 20s...
──────────────────────────────────────────────────────────────
  [9/66]  wls/targeted_ramp/hover  (18:00:44)
  Restarting swarm for a clean run...
  [restart] (9/60) Killing stale processes...
  [restart] Launching start_swarm_motion.sh (log: /tmp/swarm_restart_1783530047.log)...
  [restart] Swarm ready after 60s.
  → RUNNING (attempt 1)...
  → PASS
  Settling 20s...
──────────────────────────────────────────────────────────────
  [10/66]  wls/targeted_osc/hover  (18:05:17)
  Restarting swarm for a clean run...
  [restart] (10/60) Killing stale processes...
  [restart] Launching start_swarm_motion.sh (log: /tmp/swarm_restart_1783530319.log)...
  [restart] Swarm ready after 60s.
  → RUNNING (attempt 1)...
  → PASS
  Settling 20s...
──────────────────────────────────────────────────────────────
  [11/66]  wls/targeted_two_drone/hover  (18:10:08)
  Restarting swarm for a clean run...
  [restart] (11/60) Killing stale processes...
  [restart] Launching start_swarm_motion.sh (log: /tmp/swarm_restart_1783530611.log)...
  [restart] Swarm ready after 60s.
  → RUNNING (attempt 1)...
  → PASS
  Settling 20s...
──────────────────────────────────────────────────────────────
  [12/66]  ekf/baseline/hover  (18:14:51)
  Restarting swarm for a clean run...
  [restart] (12/60) Killing stale processes...
  [restart] Launching start_swarm_motion.sh (log: /tmp/swarm_restart_1783530894.log)...
  [restart] Swarm ready after 60s.
  → RUNNING (attempt 1)...
  → PASS
  Settling 20s...
──────────────────────────────────────────────────────────────
  [13/66]  ekf/sybil/hover  (18:19:21)
  Restarting swarm for a clean run...
  [restart] (13/60) Killing stale processes...
  [restart] Launching start_swarm_motion.sh (log: /tmp/swarm_restart_1783531164.log)...
  [restart] Swarm ready after 60s.
  → RUNNING (attempt 1)...
  → PASS
  Settling 20s...
──────────────────────────────────────────────────────────────
  [14/66]  ekf/replay/hover  (18:23:53)
  Restarting swarm for a clean run...
  [restart] (14/60) Killing stale processes...
  [restart] Launching start_swarm_motion.sh (log: /tmp/swarm_restart_1783531436.log)...
  [restart] Swarm ready after 60s.
  → RUNNING (attempt 1)...
  → PASS
  Settling 20s...
──────────────────────────────────────────────────────────────
  [15/66]  ekf/wormhole/hover  (18:29:12)
  Restarting swarm for a clean run...
  [restart] (15/60) Killing stale processes...
  [restart] Launching start_swarm_motion.sh (log: /tmp/swarm_restart_1783531755.log)...
  [restart] Swarm ready after 60s.
  → RUNNING (attempt 1)...
  → PASS
  Settling 20s...
──────────────────────────────────────────────────────────────
  [16/66]  ekf/sybil_consistent/hover  (18:34:26)
  Restarting swarm for a clean run...
  [restart] (16/60) Killing stale processes...
  [restart] Launching start_swarm_motion.sh (log: /tmp/swarm_restart_1783532070.log)...
  [restart] Swarm ready after 60s.
  → RUNNING (attempt 1)...

╔═══════════════════════════════════════════════════════════════╗
║        MOTION EXPERIMENT BATCH RUNNER                        ║
╚═══════════════════════════════════════════════════════════════╝

  Started : Wed Jul  8 06:44:21 PM BST 2026
  Patterns: hover
  Log     : /tmp/run_all_motion_20260708_184421.log

  Matrix  : 6 approaches × 11 attacks × 1 pattern(s) = 66 runs

  Swarm   : OK (all 5 drone topics active)

──────────────────────────────────────────────────────────────
  [1/66]  wls/baseline/hover  (18:44:22)
  Restarting swarm for a clean run...
  [restart] (1/60) Killing stale processes...
  [restart] Launching start_swarm_motion.sh (log: /tmp/swarm_restart_1783532665.log)...
  [restart] Swarm ready after 60s.
  → RUNNING (attempt 1)...
  → PASS
  Settling 20s...
──────────────────────────────────────────────────────────────
  [2/66]  wls/sybil/hover  (18:48:49)
  → SKIP (all 5 CSVs already present)
──────────────────────────────────────────────────────────────
  [3/66]  wls/replay/hover  (18:48:49)
  → SKIP (all 5 CSVs already present)
──────────────────────────────────────────────────────────────
  [4/66]  wls/wormhole/hover  (18:48:49)
  Restarting swarm for a clean run...
  [restart] (2/60) Killing stale processes...
  [restart] Launching start_swarm_motion.sh (log: /tmp/swarm_restart_1783532932.log)...
  [restart] Swarm ready after 60s.
  → RUNNING (attempt 1)...
  → PASS
  Settling 20s...
──────────────────────────────────────────────────────────────
  [5/66]  wls/sybil_consistent/hover  (18:53:21)
  → SKIP (all 5 CSVs already present)
──────────────────────────────────────────────────────────────
  [6/66]  wls/replay_gradual/hover  (18:53:21)
  → SKIP (all 5 CSVs already present)
──────────────────────────────────────────────────────────────
  [7/66]  wls/byzantine/hover  (18:53:21)
  → SKIP (all 5 CSVs already present)
──────────────────────────────────────────────────────────────
  [8/66]  wls/timesync/hover  (18:53:21)
  → SKIP (all 5 CSVs already present)
──────────────────────────────────────────────────────────────
  [9/66]  wls/targeted_ramp/hover  (18:53:21)
  → SKIP (all 5 CSVs already present)
──────────────────────────────────────────────────────────────
  [10/66]  wls/targeted_osc/hover  (18:53:21)
  → SKIP (all 5 CSVs already present)
──────────────────────────────────────────────────────────────
  [11/66]  wls/targeted_two_drone/hover  (18:53:21)
  → SKIP (all 5 CSVs already present)
──────────────────────────────────────────────────────────────
  [12/66]  ekf/baseline/hover  (18:53:21)
  → SKIP (all 5 CSVs already present)
──────────────────────────────────────────────────────────────
  [13/66]  ekf/sybil/hover  (18:53:21)
  → SKIP (all 5 CSVs already present)
──────────────────────────────────────────────────────────────
  [14/66]  ekf/replay/hover  (18:53:21)
  → SKIP (all 5 CSVs already present)
──────────────────────────────────────────────────────────────
  [15/66]  ekf/wormhole/hover  (18:53:21)
  → SKIP (all 5 CSVs already present)
──────────────────────────────────────────────────────────────
  [16/66]  ekf/sybil_consistent/hover  (18:53:21)
  Restarting swarm for a clean run...
  [restart] (3/60) Killing stale processes...
  [restart] Launching start_swarm_motion.sh (log: /tmp/swarm_restart_1783533204.log)...
  [restart] Swarm ready after 60s.
  → RUNNING (attempt 1)...
  → PASS
  Settling 20s...
──────────────────────────────────────────────────────────────
  [17/66]  ekf/replay_gradual/hover  (18:58:07)
  Restarting swarm for a clean run...
  [restart] (4/60) Killing stale processes...
  [restart] Launching start_swarm_motion.sh (log: /tmp/swarm_restart_1783533490.log)...
  [restart] Swarm ready after 60s.
  → RUNNING (attempt 1)...
  → PASS
  Settling 20s...
──────────────────────────────────────────────────────────────
  [18/66]  ekf/byzantine/hover  (19:03:32)
  Restarting swarm for a clean run...
  [restart] (5/60) Killing stale processes...
  [restart] Launching start_swarm_motion.sh (log: /tmp/swarm_restart_1783533815.log)...
  [restart] Swarm ready after 60s.
  → RUNNING (attempt 1)...
  → PASS
  Settling 20s...
──────────────────────────────────────────────────────────────
  [19/66]  ekf/timesync/hover  (19:08:01)
  Restarting swarm for a clean run...
  [restart] (6/60) Killing stale processes...
  [restart] Launching start_swarm_motion.sh (log: /tmp/swarm_restart_1783534084.log)...
  [restart] Swarm ready after 60s.
  → RUNNING (attempt 1)...
  → PASS
  Settling 20s...
──────────────────────────────────────────────────────────────
  [20/66]  ekf/targeted_ramp/hover  (19:12:30)
  Restarting swarm for a clean run...
  [restart] (7/60) Killing stale processes...
  [restart] Launching start_swarm_motion.sh (log: /tmp/swarm_restart_1783534354.log)...
  [restart] Swarm ready after 60s.
  → RUNNING (attempt 1)...
  → PASS
  Settling 20s...
──────────────────────────────────────────────────────────────
  [21/66]  ekf/targeted_osc/hover  (19:17:16)
  Restarting swarm for a clean run...
  [restart] (8/60) Killing stale processes...
  [restart] Launching start_swarm_motion.sh (log: /tmp/swarm_restart_1783534640.log)...
  [restart] Swarm ready after 60s.
  → RUNNING (attempt 1)...
  → PASS
  Settling 20s...
──────────────────────────────────────────────────────────────
  [22/66]  ekf/targeted_two_drone/hover  (19:21:37)
  Restarting swarm for a clean run...
  [restart] (9/60) Killing stale processes...
  [restart] Launching start_swarm_motion.sh (log: /tmp/swarm_restart_1783534900.log)...
  [restart] Swarm ready after 60s.
  → RUNNING (attempt 1)...
  → PASS
  Settling 20s...
──────────────────────────────────────────────────────────────
  [23/66]  wls_huber/baseline/hover  (19:27:04)
  Restarting swarm for a clean run...
  [restart] (10/60) Killing stale processes...
  [restart] Launching start_swarm_motion.sh (log: /tmp/swarm_restart_1783535227.log)...
  [restart] Swarm ready after 60s.
  → RUNNING (attempt 1)...
  → PASS
  Settling 20s...
──────────────────────────────────────────────────────────────
  [24/66]  wls_huber/sybil/hover  (19:31:23)
  Restarting swarm for a clean run...
  [restart] (11/60) Killing stale processes...
  [restart] Launching start_swarm_motion.sh (log: /tmp/swarm_restart_1783535486.log)...
  [restart] Swarm ready after 60s.
  → RUNNING (attempt 1)...
  → PASS
  Settling 20s...
──────────────────────────────────────────────────────────────
  [25/66]  wls_huber/replay/hover  (19:36:37)
  Restarting swarm for a clean run...
  [restart] (12/60) Killing stale processes...
  [restart] Launching start_swarm_motion.sh (log: /tmp/swarm_restart_1783535799.log)...
  [restart] Swarm ready after 60s.
  → RUNNING (attempt 1)...
  → PASS
  Settling 20s...
──────────────────────────────────────────────────────────────
  [26/66]  wls_huber/wormhole/hover  (19:41:03)
  Restarting swarm for a clean run...
  [restart] (13/60) Killing stale processes...
  [restart] Launching start_swarm_motion.sh (log: /tmp/swarm_restart_1783536067.log)...
  [restart] Swarm ready after 60s.
  → RUNNING (attempt 1)...
  → PASS
  Settling 20s...
──────────────────────────────────────────────────────────────
  [27/66]  wls_huber/sybil_consistent/hover  (19:46:22)
  Restarting swarm for a clean run...
  [restart] (14/60) Killing stale processes...
  [restart] Launching start_swarm_motion.sh (log: /tmp/swarm_restart_1783536385.log)...
  [restart] Swarm ready after 60s.
  → RUNNING (attempt 1)...
  → PASS
  Settling 20s...
──────────────────────────────────────────────────────────────
  [28/66]  wls_huber/replay_gradual/hover  (19:51:05)
  Restarting swarm for a clean run...
  [restart] (15/60) Killing stale processes...
  [restart] Launching start_swarm_motion.sh (log: /tmp/swarm_restart_1783536668.log)...
  [restart] Swarm ready after 60s.
  → RUNNING (attempt 1)...
  → PASS
  Settling 20s...
──────────────────────────────────────────────────────────────
  [29/66]  wls_huber/byzantine/hover  (19:55:57)
  Restarting swarm for a clean run...
  [restart] (16/60) Killing stale processes...
  [restart] Launching start_swarm_motion.sh (log: /tmp/swarm_restart_1783536960.log)...
  [restart] Swarm ready after 60s.
  → RUNNING (attempt 1)...
  → PASS
  Settling 20s...
──────────────────────────────────────────────────────────────
  [30/66]  wls_huber/timesync/hover  (20:00:27)
  Restarting swarm for a clean run...
  [restart] (17/60) Killing stale processes...
  [restart] Launching start_swarm_motion.sh (log: /tmp/swarm_restart_1783537229.log)...
  [restart] Swarm ready after 60s.
  → RUNNING (attempt 1)...
  → PASS
  Settling 20s...
──────────────────────────────────────────────────────────────
  [31/66]  wls_huber/targeted_ramp/hover  (20:04:54)
  Restarting swarm for a clean run...
  [restart] (18/60) Killing stale processes...
  [restart] Launching start_swarm_motion.sh (log: /tmp/swarm_restart_1783537496.log)...
  [restart] Swarm ready after 60s.
  → RUNNING (attempt 1)...
  → PASS
  Settling 20s...
──────────────────────────────────────────────────────────────
  [32/66]  wls_huber/targeted_osc/hover  (20:09:34)
  Restarting swarm for a clean run...
  [restart] (19/60) Killing stale processes...
  [restart] Launching start_swarm_motion.sh (log: /tmp/swarm_restart_1783537777.log)...
  [restart] Swarm ready after 60s.
  → RUNNING (attempt 1)...
  → PASS
  Settling 20s...
──────────────────────────────────────────────────────────────
  [33/66]  wls_huber/targeted_two_drone/hover  (20:14:58)
  Restarting swarm for a clean run...
  [restart] (20/60) Killing stale processes...
  [restart] Launching start_swarm_motion.sh (log: /tmp/swarm_restart_1783538101.log)...
  [restart] Swarm ready after 60s.
  → RUNNING (attempt 1)...
  → PASS
  Settling 20s...
──────────────────────────────────────────────────────────────
  [34/66]  wls_tukey/baseline/hover  (20:19:23)
  Restarting swarm for a clean run...
  [restart] (21/60) Killing stale processes...
  [restart] Launching start_swarm_motion.sh (log: /tmp/swarm_restart_1783538366.log)...
  [restart] Swarm ready after 60s.
  → RUNNING (attempt 1)...
  → PASS
  Settling 20s...
──────────────────────────────────────────────────────────────
  [35/66]  wls_tukey/sybil/hover  (20:23:42)
  Restarting swarm for a clean run...
  [restart] (22/60) Killing stale processes...
  [restart] Launching start_swarm_motion.sh (log: /tmp/swarm_restart_1783538625.log)...
  [restart] Swarm ready after 60s.
  → RUNNING (attempt 1)...
  → PASS
  Settling 20s...
──────────────────────────────────────────────────────────────
  [36/66]  wls_tukey/replay/hover  (20:28:31)
  Restarting swarm for a clean run...
  [restart] (23/60) Killing stale processes...
  [restart] Launching start_swarm_motion.sh (log: /tmp/swarm_restart_1783538914.log)...
  [restart] Swarm ready after 60s.
  → RUNNING (attempt 1)...
  → PASS
  Settling 20s...
──────────────────────────────────────────────────────────────
  [37/66]  wls_tukey/wormhole/hover  (20:33:01)
  Restarting swarm for a clean run...
  [restart] (24/60) Killing stale processes...
  [restart] Launching start_swarm_motion.sh (log: /tmp/swarm_restart_1783539184.log)...
  [restart] Swarm ready after 60s.
  → RUNNING (attempt 1)...
  → PASS
  Settling 20s...
──────────────────────────────────────────────────────────────
  [38/66]  wls_tukey/sybil_consistent/hover  (20:38:26)
  Restarting swarm for a clean run...
  [restart] (25/60) Killing stale processes...
  [restart] Launching start_swarm_motion.sh (log: /tmp/swarm_restart_1783539508.log)...
  [restart] Swarm ready after 60s.
  → RUNNING (attempt 1)...
  → PASS
  Settling 20s...
──────────────────────────────────────────────────────────────
  [39/66]  wls_tukey/replay_gradual/hover  (20:44:11)
  Restarting swarm for a clean run...
  [restart] (26/60) Killing stale processes...
  [restart] Launching start_swarm_motion.sh (log: /tmp/swarm_restart_1783539854.log)...
  [restart] Swarm ready after 60s.
  → RUNNING (attempt 1)...
  → PASS
  Settling 20s...
──────────────────────────────────────────────────────────────
  [40/66]  wls_tukey/byzantine/hover  (20:49:52)
  Restarting swarm for a clean run...
  [restart] (27/60) Killing stale processes...
  [restart] Launching start_swarm_motion.sh (log: /tmp/swarm_restart_1783540195.log)...
  [restart] Swarm ready after 60s.
  → RUNNING (attempt 1)...
  → PASS
  Settling 20s...
──────────────────────────────────────────────────────────────
  [41/66]  wls_tukey/timesync/hover  (20:55:19)
  Restarting swarm for a clean run...
  [restart] (28/60) Killing stale processes...
  [restart] Launching start_swarm_motion.sh (log: /tmp/swarm_restart_1783540522.log)...
  [restart] Swarm ready after 60s.
  → RUNNING (attempt 1)...
  → PASS
  Settling 20s...
──────────────────────────────────────────────────────────────
  [42/66]  wls_tukey/targeted_ramp/hover  (21:00:32)
  Restarting swarm for a clean run...
  [restart] (29/60) Killing stale processes...
  [restart] Launching start_swarm_motion.sh (log: /tmp/swarm_restart_1783540835.log)...
  [restart] Swarm ready after 60s.
  → RUNNING (attempt 1)...
  → PASS
  Settling 20s...
──────────────────────────────────────────────────────────────
  [43/66]  wls_tukey/targeted_osc/hover  (21:05:54)
  Restarting swarm for a clean run...
  [restart] (30/60) Killing stale processes...
  [restart] Launching start_swarm_motion.sh (log: /tmp/swarm_restart_1783541157.log)...
  [restart] Swarm ready after 60s.
  → RUNNING (attempt 1)...
  → PASS
  Settling 20s...
──────────────────────────────────────────────────────────────
  [44/66]  wls_tukey/targeted_two_drone/hover  (21:11:40)
  Restarting swarm for a clean run...
  [restart] (31/60) Killing stale processes...
  [restart] Launching start_swarm_motion.sh (log: /tmp/swarm_restart_1783541503.log)...
  [restart] Swarm ready after 60s.
  → RUNNING (attempt 1)...
  → PASS
  Settling 20s...
──────────────────────────────────────────────────────────────
  [45/66]  ransac/baseline/hover  (21:17:05)
  Restarting swarm for a clean run...
  [restart] (32/60) Killing stale processes...
  [restart] Launching start_swarm_motion.sh (log: /tmp/swarm_restart_1783541827.log)...
  [restart] Swarm ready after 60s.
  → RUNNING (attempt 1)...
  → PASS
  Settling 20s...
──────────────────────────────────────────────────────────────
  [46/66]  ransac/sybil/hover  (21:22:26)
  Restarting swarm for a clean run...
  [restart] (33/60) Killing stale processes...
  [restart] Launching start_swarm_motion.sh (log: /tmp/swarm_restart_1783542149.log)...
  [restart] Swarm ready after 60s.
  → RUNNING (attempt 1)...
  → PASS
  Settling 20s...
──────────────────────────────────────────────────────────────
  [47/66]  ransac/replay/hover  (21:28:07)
  Restarting swarm for a clean run...
  [restart] (34/60) Killing stale processes...
  [restart] Launching start_swarm_motion.sh (log: /tmp/swarm_restart_1783542490.log)...
  [restart] Swarm ready after 60s.
  → RUNNING (attempt 1)...
  → PASS
  Settling 20s...
──────────────────────────────────────────────────────────────
  [48/66]  ransac/wormhole/hover  (21:33:32)
  Restarting swarm for a clean run...
  [restart] (35/60) Killing stale processes...
  [restart] Launching start_swarm_motion.sh (log: /tmp/swarm_restart_1783542814.log)...
  [restart] Swarm ready after 60s.
  → RUNNING (attempt 1)...
  → PASS
  Settling 20s...
──────────────────────────────────────────────────────────────
  [49/66]  ransac/sybil_consistent/hover  (21:38:56)
  Restarting swarm for a clean run...
  [restart] (36/60) Killing stale processes...
  [restart] Launching start_swarm_motion.sh (log: /tmp/swarm_restart_1783543139.log)...
  [restart] Swarm ready after 60s.
  → RUNNING (attempt 1)...
  → PASS
  Settling 20s...
──────────────────────────────────────────────────────────────
  [50/66]  ransac/replay_gradual/hover  (21:44:18)
  Restarting swarm for a clean run...
  [restart] (37/60) Killing stale processes...
  [restart] Launching start_swarm_motion.sh (log: /tmp/swarm_restart_1783543460.log)...
  [restart] Swarm ready after 60s.
  → RUNNING (attempt 1)...
  → PASS
  Settling 20s...
──────────────────────────────────────────────────────────────
  [51/66]  ransac/byzantine/hover  (21:49:42)
  Restarting swarm for a clean run...
  [restart] (38/60) Killing stale processes...
  [restart] Launching start_swarm_motion.sh (log: /tmp/swarm_restart_1783543785.log)...
  [restart] Swarm ready after 60s.
  → RUNNING (attempt 1)...

╔═══════════════════════════════════════════════════════════════╗
║        MOTION EXPERIMENT BATCH RUNNER                        ║
╚═══════════════════════════════════════════════════════════════╝

  Started : Wed Jul  8 09:59:44 PM BST 2026
  Patterns: hover
  Log     : /tmp/run_all_motion_20260708_215944.log

  Matrix  : 6 approaches × 11 attacks × 1 pattern(s) = 66 runs

  Swarm   : OK (all 5 drone topics active)

──────────────────────────────────────────────────────────────
  [1/66]  wls/baseline/hover  (21:59:45)
  → SKIP (all 5 CSVs already present)
──────────────────────────────────────────────────────────────
  [2/66]  wls/sybil/hover  (21:59:45)
  → SKIP (all 5 CSVs already present)
──────────────────────────────────────────────────────────────
  [3/66]  wls/replay/hover  (21:59:45)
  → SKIP (all 5 CSVs already present)
──────────────────────────────────────────────────────────────
  [4/66]  wls/wormhole/hover  (21:59:45)
  → SKIP (all 5 CSVs already present)
──────────────────────────────────────────────────────────────
  [5/66]  wls/sybil_consistent/hover  (21:59:45)
  → SKIP (all 5 CSVs already present)
──────────────────────────────────────────────────────────────
  [6/66]  wls/replay_gradual/hover  (21:59:45)
  → SKIP (all 5 CSVs already present)
──────────────────────────────────────────────────────────────
  [7/66]  wls/byzantine/hover  (21:59:45)
  → SKIP (all 5 CSVs already present)
──────────────────────────────────────────────────────────────
  [8/66]  wls/timesync/hover  (21:59:45)
  → SKIP (all 5 CSVs already present)
──────────────────────────────────────────────────────────────
  [9/66]  wls/targeted_ramp/hover  (21:59:45)
  → SKIP (all 5 CSVs already present)
──────────────────────────────────────────────────────────────
  [10/66]  wls/targeted_osc/hover  (21:59:45)
  → SKIP (all 5 CSVs already present)
──────────────────────────────────────────────────────────────
  [11/66]  wls/targeted_two_drone/hover  (21:59:45)
  → SKIP (all 5 CSVs already present)
──────────────────────────────────────────────────────────────
  [12/66]  ekf/baseline/hover  (21:59:45)
  → SKIP (all 5 CSVs already present)
──────────────────────────────────────────────────────────────
  [13/66]  ekf/sybil/hover  (21:59:45)
  → SKIP (all 5 CSVs already present)
──────────────────────────────────────────────────────────────
  [14/66]  ekf/replay/hover  (21:59:45)
  → SKIP (all 5 CSVs already present)
──────────────────────────────────────────────────────────────
  [15/66]  ekf/wormhole/hover  (21:59:45)
  → SKIP (all 5 CSVs already present)
──────────────────────────────────────────────────────────────
  [16/66]  ekf/sybil_consistent/hover  (21:59:45)
  → SKIP (all 5 CSVs already present)
──────────────────────────────────────────────────────────────
  [17/66]  ekf/replay_gradual/hover  (21:59:45)
  → SKIP (all 5 CSVs already present)
──────────────────────────────────────────────────────────────
  [18/66]  ekf/byzantine/hover  (21:59:45)
  → SKIP (all 5 CSVs already present)
──────────────────────────────────────────────────────────────
  [19/66]  ekf/timesync/hover  (21:59:45)
  → SKIP (all 5 CSVs already present)
──────────────────────────────────────────────────────────────
  [20/66]  ekf/targeted_ramp/hover  (21:59:45)
  → SKIP (all 5 CSVs already present)
──────────────────────────────────────────────────────────────
  [21/66]  ekf/targeted_osc/hover  (21:59:45)
  → SKIP (all 5 CSVs already present)
──────────────────────────────────────────────────────────────
  [22/66]  ekf/targeted_two_drone/hover  (21:59:45)
  → SKIP (all 5 CSVs already present)
──────────────────────────────────────────────────────────────
  [23/66]  wls_huber/baseline/hover  (21:59:45)
  → SKIP (all 5 CSVs already present)
──────────────────────────────────────────────────────────────
  [24/66]  wls_huber/sybil/hover  (21:59:45)
  → SKIP (all 5 CSVs already present)
──────────────────────────────────────────────────────────────
  [25/66]  wls_huber/replay/hover  (21:59:45)
  → SKIP (all 5 CSVs already present)
──────────────────────────────────────────────────────────────
  [26/66]  wls_huber/wormhole/hover  (21:59:45)
  → SKIP (all 5 CSVs already present)
──────────────────────────────────────────────────────────────
  [27/66]  wls_huber/sybil_consistent/hover  (21:59:45)
  → SKIP (all 5 CSVs already present)
──────────────────────────────────────────────────────────────
  [28/66]  wls_huber/replay_gradual/hover  (21:59:45)
  → SKIP (all 5 CSVs already present)
──────────────────────────────────────────────────────────────
  [29/66]  wls_huber/byzantine/hover  (21:59:45)
  → SKIP (all 5 CSVs already present)
──────────────────────────────────────────────────────────────
  [30/66]  wls_huber/timesync/hover  (21:59:45)
  → SKIP (all 5 CSVs already present)
──────────────────────────────────────────────────────────────
  [31/66]  wls_huber/targeted_ramp/hover  (21:59:45)
  → SKIP (all 5 CSVs already present)
──────────────────────────────────────────────────────────────
  [32/66]  wls_huber/targeted_osc/hover  (21:59:45)
  → SKIP (all 5 CSVs already present)
──────────────────────────────────────────────────────────────
  [33/66]  wls_huber/targeted_two_drone/hover  (21:59:45)
  → SKIP (all 5 CSVs already present)
──────────────────────────────────────────────────────────────
  [34/66]  wls_tukey/baseline/hover  (21:59:46)
  → SKIP (all 5 CSVs already present)
──────────────────────────────────────────────────────────────
  [35/66]  wls_tukey/sybil/hover  (21:59:46)
  → SKIP (all 5 CSVs already present)
──────────────────────────────────────────────────────────────
  [36/66]  wls_tukey/replay/hover  (21:59:46)
  → SKIP (all 5 CSVs already present)
──────────────────────────────────────────────────────────────
  [37/66]  wls_tukey/wormhole/hover  (21:59:46)
  → SKIP (all 5 CSVs already present)
──────────────────────────────────────────────────────────────
  [38/66]  wls_tukey/sybil_consistent/hover  (21:59:46)
  → SKIP (all 5 CSVs already present)
──────────────────────────────────────────────────────────────
  [39/66]  wls_tukey/replay_gradual/hover  (21:59:46)
  → SKIP (all 5 CSVs already present)
──────────────────────────────────────────────────────────────
  [40/66]  wls_tukey/byzantine/hover  (21:59:46)
  → SKIP (all 5 CSVs already present)
──────────────────────────────────────────────────────────────
  [41/66]  wls_tukey/timesync/hover  (21:59:46)
  → SKIP (all 5 CSVs already present)
──────────────────────────────────────────────────────────────
  [42/66]  wls_tukey/targeted_ramp/hover  (21:59:46)
  → SKIP (all 5 CSVs already present)
──────────────────────────────────────────────────────────────
  [43/66]  wls_tukey/targeted_osc/hover  (21:59:46)
  → SKIP (all 5 CSVs already present)
──────────────────────────────────────────────────────────────
  [44/66]  wls_tukey/targeted_two_drone/hover  (21:59:46)
  → SKIP (all 5 CSVs already present)
──────────────────────────────────────────────────────────────
  [45/66]  ransac/baseline/hover  (21:59:46)
  → SKIP (all 5 CSVs already present)
──────────────────────────────────────────────────────────────
  [46/66]  ransac/sybil/hover  (21:59:46)
  → SKIP (all 5 CSVs already present)
──────────────────────────────────────────────────────────────
  [47/66]  ransac/replay/hover  (21:59:46)
  → SKIP (all 5 CSVs already present)
──────────────────────────────────────────────────────────────
  [48/66]  ransac/wormhole/hover  (21:59:46)
  → SKIP (all 5 CSVs already present)
──────────────────────────────────────────────────────────────
  [49/66]  ransac/sybil_consistent/hover  (21:59:46)
  → SKIP (all 5 CSVs already present)
──────────────────────────────────────────────────────────────
  [50/66]  ransac/replay_gradual/hover  (21:59:46)
  → SKIP (all 5 CSVs already present)
──────────────────────────────────────────────────────────────
  [51/66]  ransac/byzantine/hover  (21:59:46)
  Restarting swarm for a clean run...
  [restart] (1/60) Killing stale processes...
  [restart] Launching start_swarm_motion.sh (log: /tmp/swarm_restart_1783544388.log)...

╔═══════════════════════════════════════════════════════════════╗
║        MOTION EXPERIMENT BATCH RUNNER                        ║
╚═══════════════════════════════════════════════════════════════╝

  Started : Thu Jul  9 12:22:56 PM BST 2026
  Patterns: hover
  Log     : /tmp/run_all_motion_20260709_122256.log

  Matrix  : 6 approaches × 11 attacks × 1 pattern(s) = 66 runs

  Swarm   : OK (all 5 drone topics active)

──────────────────────────────────────────────────────────────
  [1/66]  wls/baseline/hover  (12:22:58)
  → SKIP (all 5 CSVs already present)
──────────────────────────────────────────────────────────────
  [2/66]  wls/sybil/hover  (12:22:58)
  → SKIP (all 5 CSVs already present)
──────────────────────────────────────────────────────────────
  [3/66]  wls/replay/hover  (12:22:59)
  → SKIP (all 5 CSVs already present)
──────────────────────────────────────────────────────────────
  [4/66]  wls/wormhole/hover  (12:22:59)
  → SKIP (all 5 CSVs already present)
──────────────────────────────────────────────────────────────
  [5/66]  wls/sybil_consistent/hover  (12:22:59)
  → SKIP (all 5 CSVs already present)
──────────────────────────────────────────────────────────────
  [6/66]  wls/replay_gradual/hover  (12:22:59)
  → SKIP (all 5 CSVs already present)
──────────────────────────────────────────────────────────────
  [7/66]  wls/byzantine/hover  (12:22:59)
  → SKIP (all 5 CSVs already present)
──────────────────────────────────────────────────────────────
  [8/66]  wls/timesync/hover  (12:22:59)
  → SKIP (all 5 CSVs already present)
──────────────────────────────────────────────────────────────
  [9/66]  wls/targeted_ramp/hover  (12:22:59)
  → SKIP (all 5 CSVs already present)
──────────────────────────────────────────────────────────────
  [10/66]  wls/targeted_osc/hover  (12:22:59)
  → SKIP (all 5 CSVs already present)
──────────────────────────────────────────────────────────────
  [11/66]  wls/targeted_two_drone/hover  (12:22:59)
  → SKIP (all 5 CSVs already present)
──────────────────────────────────────────────────────────────
  [12/66]  ekf/baseline/hover  (12:22:59)
  → SKIP (all 5 CSVs already present)
──────────────────────────────────────────────────────────────
  [13/66]  ekf/sybil/hover  (12:22:59)
  → SKIP (all 5 CSVs already present)
──────────────────────────────────────────────────────────────
  [14/66]  ekf/replay/hover  (12:22:59)
  → SKIP (all 5 CSVs already present)
──────────────────────────────────────────────────────────────
  [15/66]  ekf/wormhole/hover  (12:22:59)
  → SKIP (all 5 CSVs already present)
──────────────────────────────────────────────────────────────
  [16/66]  ekf/sybil_consistent/hover  (12:22:59)
  → SKIP (all 5 CSVs already present)
──────────────────────────────────────────────────────────────
  [17/66]  ekf/replay_gradual/hover  (12:22:59)
  → SKIP (all 5 CSVs already present)
──────────────────────────────────────────────────────────────
  [18/66]  ekf/byzantine/hover  (12:22:59)
  → SKIP (all 5 CSVs already present)
──────────────────────────────────────────────────────────────
  [19/66]  ekf/timesync/hover  (12:22:59)
  → SKIP (all 5 CSVs already present)
──────────────────────────────────────────────────────────────
  [20/66]  ekf/targeted_ramp/hover  (12:22:59)
  → SKIP (all 5 CSVs already present)
──────────────────────────────────────────────────────────────
  [21/66]  ekf/targeted_osc/hover  (12:22:59)
  → SKIP (all 5 CSVs already present)
──────────────────────────────────────────────────────────────
  [22/66]  ekf/targeted_two_drone/hover  (12:22:59)
  → SKIP (all 5 CSVs already present)
──────────────────────────────────────────────────────────────
  [23/66]  wls_huber/baseline/hover  (12:22:59)
  → SKIP (all 5 CSVs already present)
──────────────────────────────────────────────────────────────
  [24/66]  wls_huber/sybil/hover  (12:22:59)
  → SKIP (all 5 CSVs already present)
──────────────────────────────────────────────────────────────
  [25/66]  wls_huber/replay/hover  (12:22:59)
  → SKIP (all 5 CSVs already present)
──────────────────────────────────────────────────────────────
  [26/66]  wls_huber/wormhole/hover  (12:22:59)
  → SKIP (all 5 CSVs already present)
──────────────────────────────────────────────────────────────
  [27/66]  wls_huber/sybil_consistent/hover  (12:22:59)
  → SKIP (all 5 CSVs already present)
──────────────────────────────────────────────────────────────
  [28/66]  wls_huber/replay_gradual/hover  (12:22:59)
  → SKIP (all 5 CSVs already present)
──────────────────────────────────────────────────────────────
  [29/66]  wls_huber/byzantine/hover  (12:22:59)
  → SKIP (all 5 CSVs already present)
──────────────────────────────────────────────────────────────
  [30/66]  wls_huber/timesync/hover  (12:22:59)
  → SKIP (all 5 CSVs already present)
──────────────────────────────────────────────────────────────
  [31/66]  wls_huber/targeted_ramp/hover  (12:22:59)
  → SKIP (all 5 CSVs already present)
──────────────────────────────────────────────────────────────
  [32/66]  wls_huber/targeted_osc/hover  (12:22:59)
  → SKIP (all 5 CSVs already present)
──────────────────────────────────────────────────────────────
  [33/66]  wls_huber/targeted_two_drone/hover  (12:22:59)
  → SKIP (all 5 CSVs already present)
──────────────────────────────────────────────────────────────
  [34/66]  wls_tukey/baseline/hover  (12:22:59)
  → SKIP (all 5 CSVs already present)
──────────────────────────────────────────────────────────────
  [35/66]  wls_tukey/sybil/hover  (12:22:59)
  → SKIP (all 5 CSVs already present)
──────────────────────────────────────────────────────────────
  [36/66]  wls_tukey/replay/hover  (12:22:59)
  → SKIP (all 5 CSVs already present)
──────────────────────────────────────────────────────────────
  [37/66]  wls_tukey/wormhole/hover  (12:22:59)
  → SKIP (all 5 CSVs already present)
──────────────────────────────────────────────────────────────
  [38/66]  wls_tukey/sybil_consistent/hover  (12:22:59)
  → SKIP (all 5 CSVs already present)
──────────────────────────────────────────────────────────────
  [39/66]  wls_tukey/replay_gradual/hover  (12:22:59)
  → SKIP (all 5 CSVs already present)
──────────────────────────────────────────────────────────────
  [40/66]  wls_tukey/byzantine/hover  (12:22:59)
  → SKIP (all 5 CSVs already present)
──────────────────────────────────────────────────────────────
  [41/66]  wls_tukey/timesync/hover  (12:22:59)
  → SKIP (all 5 CSVs already present)
──────────────────────────────────────────────────────────────
  [42/66]  wls_tukey/targeted_ramp/hover  (12:22:59)
  → SKIP (all 5 CSVs already present)
──────────────────────────────────────────────────────────────
  [43/66]  wls_tukey/targeted_osc/hover  (12:22:59)
  → SKIP (all 5 CSVs already present)
──────────────────────────────────────────────────────────────
  [44/66]  wls_tukey/targeted_two_drone/hover  (12:22:59)
  → SKIP (all 5 CSVs already present)
──────────────────────────────────────────────────────────────
  [45/66]  ransac/baseline/hover  (12:22:59)
  → SKIP (all 5 CSVs already present)
──────────────────────────────────────────────────────────────
  [46/66]  ransac/sybil/hover  (12:22:59)
  → SKIP (all 5 CSVs already present)
──────────────────────────────────────────────────────────────
  [47/66]  ransac/replay/hover  (12:22:59)
  → SKIP (all 5 CSVs already present)
──────────────────────────────────────────────────────────────
  [48/66]  ransac/wormhole/hover  (12:22:59)
  → SKIP (all 5 CSVs already present)
──────────────────────────────────────────────────────────────
  [49/66]  ransac/sybil_consistent/hover  (12:22:59)
  → SKIP (all 5 CSVs already present)
──────────────────────────────────────────────────────────────
  [50/66]  ransac/replay_gradual/hover  (12:22:59)
  → SKIP (all 5 CSVs already present)
──────────────────────────────────────────────────────────────
  [51/66]  ransac/byzantine/hover  (12:22:59)
  Restarting swarm for a clean run...
  [restart] (1/60) Killing stale processes...
  [restart] Launching start_swarm_motion.sh (log: /tmp/swarm_restart_1783596182.log)...
  [restart] Swarm ready after 60s.
  → RUNNING (attempt 1)...
  → PASS
  Settling 20s...
──────────────────────────────────────────────────────────────
  [52/66]  ransac/timesync/hover  (12:28:46)
  Restarting swarm for a clean run...
  [restart] (2/60) Killing stale processes...
  [restart] Launching start_swarm_motion.sh (log: /tmp/swarm_restart_1783596529.log)...
  [restart] Swarm ready after 60s.
  → RUNNING (attempt 1)...
  → PASS
  Settling 20s...
──────────────────────────────────────────────────────────────
  [53/66]  ransac/targeted_ramp/hover  (12:33:43)
  Restarting swarm for a clean run...
  [restart] (3/60) Killing stale processes...
  [restart] Launching start_swarm_motion.sh (log: /tmp/swarm_restart_1783596826.log)...
  [restart] Swarm ready after 60s.
  → RUNNING (attempt 1)...
  → PASS
  Settling 20s...
──────────────────────────────────────────────────────────────
  [54/66]  ransac/targeted_osc/hover  (12:39:14)
  Restarting swarm for a clean run...
  [restart] (4/60) Killing stale processes...
  [restart] Launching start_swarm_motion.sh (log: /tmp/swarm_restart_1783597157.log)...
  [restart] Swarm ready after 60s.
  → RUNNING (attempt 1)...
  → PASS
  Settling 20s...
──────────────────────────────────────────────────────────────
  [55/66]  ransac/targeted_two_drone/hover  (12:44:33)
  Restarting swarm for a clean run...
  [restart] (5/60) Killing stale processes...
  [restart] Launching start_swarm_motion.sh (log: /tmp/swarm_restart_1783597475.log)...
  [restart] Swarm ready after 60s.
  → RUNNING (attempt 1)...
  → PASS
  Settling 20s...
──────────────────────────────────────────────────────────────
  [56/66]  ekf_chi2_huber/baseline/hover  (12:49:54)
  Restarting swarm for a clean run...
  [restart] (6/60) Killing stale processes...
  [restart] Launching start_swarm_motion.sh (log: /tmp/swarm_restart_1783597797.log)...
  [restart] Swarm ready after 60s.
  → RUNNING (attempt 1)...
  → PASS
  Settling 20s...
──────────────────────────────────────────────────────────────
  [57/66]  ekf_chi2_huber/sybil/hover  (12:55:07)
  Restarting swarm for a clean run...
  [restart] (7/60) Killing stale processes...
  [restart] Launching start_swarm_motion.sh (log: /tmp/swarm_restart_1783598110.log)...
  [restart] Swarm ready after 60s.
  → RUNNING (attempt 1)...
  → PASS
  Settling 20s...
──────────────────────────────────────────────────────────────
  [58/66]  ekf_chi2_huber/replay/hover  (13:00:34)
  Restarting swarm for a clean run...
  [restart] (8/60) Killing stale processes...
  [restart] Launching start_swarm_motion.sh (log: /tmp/swarm_restart_1783598437.log)...
  [restart] Swarm ready after 60s.
  → RUNNING (attempt 1)...
  → PASS
  Settling 20s...
──────────────────────────────────────────────────────────────
  [59/66]  ekf_chi2_huber/wormhole/hover  (13:06:30)
  Restarting swarm for a clean run...
  [restart] (9/60) Killing stale processes...
  [restart] Launching start_swarm_motion.sh (log: /tmp/swarm_restart_1783598793.log)...
  [restart] Swarm ready after 60s.
  → RUNNING (attempt 1)...
  → PASS
  Settling 20s...
──────────────────────────────────────────────────────────────
  [60/66]  ekf_chi2_huber/sybil_consistent/hover  (13:11:43)
  Restarting swarm for a clean run...
  [restart] (10/60) Killing stale processes...
  [restart] Launching start_swarm_motion.sh (log: /tmp/swarm_restart_1783599106.log)...
  [restart] Swarm ready after 60s.
  → RUNNING (attempt 1)...
  → PASS
  Settling 20s...
──────────────────────────────────────────────────────────────
  [61/66]  ekf_chi2_huber/replay_gradual/hover  (13:17:03)
  Restarting swarm for a clean run...
  [restart] (11/60) Killing stale processes...
  [restart] Launching start_swarm_motion.sh (log: /tmp/swarm_restart_1783599426.log)...
  [restart] Swarm ready after 60s.
  → RUNNING (attempt 1)...
  → PASS
  Settling 20s...
──────────────────────────────────────────────────────────────
  [62/66]  ekf_chi2_huber/byzantine/hover  (13:22:23)
  Restarting swarm for a clean run...
  [restart] (12/60) Killing stale processes...
  [restart] Launching start_swarm_motion.sh (log: /tmp/swarm_restart_1783599746.log)...
  [restart] Swarm ready after 60s.
  → RUNNING (attempt 1)...
  → PASS
  Settling 20s...
──────────────────────────────────────────────────────────────
  [63/66]  ekf_chi2_huber/timesync/hover  (13:27:49)
  Restarting swarm for a clean run...
  [restart] (13/60) Killing stale processes...
  [restart] Launching start_swarm_motion.sh (log: /tmp/swarm_restart_1783600073.log)...
  [restart] Swarm ready after 60s.
  → RUNNING (attempt 1)...
  → PASS
  Settling 20s...
──────────────────────────────────────────────────────────────
  [64/66]  ekf_chi2_huber/targeted_ramp/hover  (13:33:22)
  Restarting swarm for a clean run...
  [restart] (14/60) Killing stale processes...
  [restart] Launching start_swarm_motion.sh (log: /tmp/swarm_restart_1783600404.log)...
  [restart] Swarm ready after 60s.
  → RUNNING (attempt 1)...
  → PASS
  Settling 20s...
──────────────────────────────────────────────────────────────
  [65/66]  ekf_chi2_huber/targeted_osc/hover  (13:38:48)
  Restarting swarm for a clean run...
  [restart] (15/60) Killing stale processes...
  [restart] Launching start_swarm_motion.sh (log: /tmp/swarm_restart_1783600731.log)...
  [restart] Swarm ready after 60s.
  → RUNNING (attempt 1)...
  → PASS
  Settling 20s...
──────────────────────────────────────────────────────────────
  [66/66]  ekf_chi2_huber/targeted_two_drone/hover  (13:44:11)
  Restarting swarm for a clean run...
  [restart] (16/60) Killing stale processes...
  [restart] Launching start_swarm_motion.sh (log: /tmp/swarm_restart_1783601054.log)...
  [restart] Swarm ready after 60s.
  → RUNNING (attempt 1)...
  → PASS
  Settling 20s...

╔═══════════════════════════════════════════════════════════════╗
║  BATCH COMPLETE  13:49:31 09-Jul-2026
║  Passed: 16   Skipped: 50   Failed: 0   Total: 66
╚═══════════════════════════════════════════════════════════════╝

  Pattern=hover

                     baseline         sybil            replay           wormhole         sybil_consistent replay_gradual   byzantine        timesync         targeted_ramp    targeted_osc     targeted_two_drone
    wls              skip             skip             skip             skip             skip             skip             skip             skip             skip             skip             skip            
    ekf              skip             skip             skip             skip             skip             skip             skip             skip             skip             skip             skip            
    wls_huber        skip             skip             skip             skip             skip             skip             skip             skip             skip             skip             skip            
    wls_tukey        skip             skip             skip             skip             skip             skip             skip             skip             skip             skip             skip            
    ransac           skip             skip             skip             skip             skip             skip             pass             pass             pass             pass             pass            
    ekf_chi2_huber   pass             pass             pass             pass             pass             pass             pass             pass             pass             pass             pass            

  CSVs : /home/msc-lab/Dissertation/evidence/metrics/motion/
  Log  : /tmp/run_all_motion_20260709_122256.log

