
╔═══════════════════════════════════════════════════════════════╗
║        MOTION EXPERIMENT BATCH RUNNER                        ║
╚═══════════════════════════════════════════════════════════════╝

  Started : Wed Jul  8 03:40:23 PM BST 2026
  Patterns: hover
  Log     : /tmp/run_all_motion_20260708_154023.log

  Matrix  : 6 approaches × 11 attacks × 1 pattern(s) = 66 runs

  Swarm   : OK (all 5 drone topics active)

──────────────────────────────────────────────────────────────
  [1/66]  wls/baseline/hover  (15:40:23)
  Restarting swarm for a clean run...
  [restart] (1/60) Killing stale processes...
  [restart] Launching start_swarm_motion.sh (log: /tmp/swarm_restart_1783521627.log)...
  [restart] Swarm ready after 60s.
  → RUNNING (attempt 1)...
  → PASS
  Settling 20s...
──────────────────────────────────────────────────────────────
  [2/66]  wls/sybil/hover  (15:45:25)
  Restarting swarm for a clean run...
  [restart] (2/60) Killing stale processes...
  [restart] Launching start_swarm_motion.sh (log: /tmp/swarm_restart_1783521929.log)...
  [restart] Swarm ready after 60s.
  → RUNNING (attempt 1)...
  → PASS
  Settling 20s...
──────────────────────────────────────────────────────────────
  [3/66]  wls/replay/hover  (15:50:11)
  Restarting swarm for a clean run...
  [restart] (3/60) Killing stale processes...
  [restart] Launching start_swarm_motion.sh (log: /tmp/swarm_restart_1783522214.log)...
  [restart] Swarm ready after 60s.
  → RUNNING (attempt 1)...
  Run failed but swarm still alive — not a crash, not retrying.
  → FAIL (see /tmp/run_all_motion_20260708_154023.log)
  Settling 20s...
──────────────────────────────────────────────────────────────
  [4/66]  wls/wormhole/hover  (15:54:58)
  Restarting swarm for a clean run...
  [restart] (4/60) Killing stale processes...
  [restart] Launching start_swarm_motion.sh (log: /tmp/swarm_restart_1783522501.log)...
  [restart] Swarm ready after 60s.
  → RUNNING (attempt 1)...
  → PASS
  Settling 20s...
──────────────────────────────────────────────────────────────
  [5/66]  wls/sybil_consistent/hover  (16:00:21)
  Restarting swarm for a clean run...
  [restart] (5/60) Killing stale processes...
  [restart] Launching start_swarm_motion.sh (log: /tmp/swarm_restart_1783522800.log)...
  [restart] Swarm ready after 60s.
  → RUNNING (attempt 1)...
  → PASS
  Settling 20s...
──────────────────────────────────────────────────────────────
  [6/66]  wls/replay_gradual/hover  (16:04:43)
  Restarting swarm for a clean run...
  [restart] (6/60) Killing stale processes...
  [restart] Launching start_swarm_motion.sh (log: /tmp/swarm_restart_1783523086.log)...
  [restart] Swarm ready after 60s.
  → RUNNING (attempt 1)...
  → PASS
  Settling 20s...
──────────────────────────────────────────────────────────────
  [7/66]  wls/byzantine/hover  (16:09:34)
  Restarting swarm for a clean run...
  [restart] (7/60) Killing stale processes...
  [restart] Launching start_swarm_motion.sh (log: /tmp/swarm_restart_1783523377.log)...
  [restart] Swarm ready after 60s.
  → RUNNING (attempt 1)...
  Run failed but swarm still alive — not a crash, not retrying.
  → FAIL (see /tmp/run_all_motion_20260708_154023.log)
  Settling 20s...
──────────────────────────────────────────────────────────────
  [8/66]  wls/timesync/hover  (16:14:21)
  Restarting swarm for a clean run...
  [restart] (8/60) Killing stale processes...
  [restart] Launching start_swarm_motion.sh (log: /tmp/swarm_restart_1783523664.log)...
  [restart] Swarm ready after 60s.
  → RUNNING (attempt 1)...
  → PASS
  Settling 20s...
──────────────────────────────────────────────────────────────
  [9/66]  wls/targeted_ramp/hover  (16:19:09)
  Restarting swarm for a clean run...
  [restart] (9/60) Killing stale processes...
  [restart] Launching start_swarm_motion.sh (log: /tmp/swarm_restart_1783523952.log)...
  [restart] Swarm ready after 60s.
  → RUNNING (attempt 1)...
  → PASS
  Settling 20s...
──────────────────────────────────────────────────────────────
  [10/66]  wls/targeted_osc/hover  (16:23:55)
  Restarting swarm for a clean run...
  [restart] (10/60) Killing stale processes...
  [restart] Launching start_swarm_motion.sh (log: /tmp/swarm_restart_1783524238.log)...
  [restart] Swarm ready after 60s.
  → RUNNING (attempt 1)...
  → PASS
  Settling 20s...
──────────────────────────────────────────────────────────────
  [11/66]  wls/targeted_two_drone/hover  (16:29:00)
  Restarting swarm for a clean run...
  [restart] (11/60) Killing stale processes...
  [restart] Launching start_swarm_motion.sh (log: /tmp/swarm_restart_1783524543.log)...
  [restart] Swarm ready after 60s.
  → RUNNING (attempt 1)...
  → PASS
  Settling 20s...
──────────────────────────────────────────────────────────────
  [12/66]  ekf/baseline/hover  (16:33:57)
  Restarting swarm for a clean run...
  [restart] (12/60) Killing stale processes...
  [restart] Launching start_swarm_motion.sh (log: /tmp/swarm_restart_1783524840.log)...
  [restart] Swarm ready after 60s.
  → RUNNING (attempt 1)...
  → PASS
  Settling 20s...
──────────────────────────────────────────────────────────────
  [13/66]  ekf/sybil/hover  (16:38:48)
  Restarting swarm for a clean run...
  [restart] (13/60) Killing stale processes...
  [restart] Launching start_swarm_motion.sh (log: /tmp/swarm_restart_1783525131.log)...
  [restart] Swarm ready after 60s.
  → RUNNING (attempt 1)...
  → PASS
  Settling 20s...
──────────────────────────────────────────────────────────────
  [14/66]  ekf/replay/hover  (16:43:37)
  Restarting swarm for a clean run...
  [restart] (14/60) Killing stale processes...
  [restart] Launching start_swarm_motion.sh (log: /tmp/swarm_restart_1783525420.log)...
  [restart] Swarm ready after 60s.
  → RUNNING (attempt 1)...
  → PASS
  Settling 20s...
──────────────────────────────────────────────────────────────
  [15/66]  ekf/wormhole/hover  (16:48:47)
  Restarting swarm for a clean run...
  [restart] (15/60) Killing stale processes...
  [restart] Launching start_swarm_motion.sh (log: /tmp/swarm_restart_1783525730.log)...
  [restart] Swarm ready after 60s.
  → RUNNING (attempt 1)...
  → PASS
  Settling 20s...
──────────────────────────────────────────────────────────────
  [16/66]  ekf/sybil_consistent/hover  (16:53:33)
  Restarting swarm for a clean run...
  [restart] (16/60) Killing stale processes...
  [restart] Launching start_swarm_motion.sh (log: /tmp/swarm_restart_1783526016.log)...
  [restart] Swarm ready after 60s.
  → RUNNING (attempt 1)...
