[*] Killing existing processes...
[*] Cleaning runtime state...
[*] Starting Fast-DDS discovery server...
[*] Starting XRCE-DDS Agent...
[*] Spawning px4_1 at (0,0) — owns Gazebo (headless, no GUI client)...
[*] Waiting 20s for Gazebo...
[*] Spawning px4_2 at (2,0)...
[*] Spawning px4_3 at (4,0)...
[*] Spawning px4_4 at (2,2)...
[*] Spawning px4_5 at (4,2)...
[+] PIDs: 86852 87340 87617 88060 88517
[*] Waiting 35s for all drones to boot...

════════════════════════════════════════════════════
  [+] SWARM READY
  px4_1(0,0) px4_2(2,0) px4_3(4,0) px4_4(2,2) px4_5(4,2)
  QGC ports: 18571 18572 18573 18574 18575
  Logs: tail -f /tmp/px4_1.log
  Next: python3 ~/Dissertation/scripts/arm_all_drones.py
════════════════════════════════════════════════════
[RC-PARAMS] Connecting to all 5 drones...
  px4_1: COM_RC_IN_MODE=4, NAV_RCL_ACT=0, COM_RCL_EXCEPT=31, GF_ACTION=0, COM_RC_LOSS_T=10 ✓
  px4_2: COM_RC_IN_MODE=4, NAV_RCL_ACT=0, COM_RCL_EXCEPT=31, GF_ACTION=0, COM_RC_LOSS_T=10 ✓
  px4_3: COM_RC_IN_MODE=4, NAV_RCL_ACT=0, COM_RCL_EXCEPT=31, GF_ACTION=0, COM_RC_LOSS_T=10 ✓
  px4_4: COM_RC_IN_MODE=4, NAV_RCL_ACT=0, COM_RCL_EXCEPT=31, GF_ACTION=0, COM_RC_LOSS_T=10 ✓
  px4_5: COM_RC_IN_MODE=4, NAV_RCL_ACT=0, COM_RCL_EXCEPT=31, GF_ACTION=0, COM_RC_LOSS_T=10 ✓
[RC-PARAMS] Done — drones will not RTL on RC loss.
