[*] Killing existing processes...
[*] Cleaning runtime state...
[*] Starting XRCE-DDS Agent...
[*] Spawning px4_1 at (0,0) — owns Gazebo (headless, no GUI client)...
[*] Waiting 20s for Gazebo...
[*] Spawning px4_2 at (2,0)...
[*] Spawning px4_3 at (4,0)...
[*] Spawning px4_4 at (2,2)...
[*] Spawning px4_5 at (4,2)...
[+] PIDs: 47554 48043 48299 48718 49176
[*] Waiting 35s for all drones to boot...

════════════════════════════════════════════════════
  [+] SWARM READY
  px4_1(0,0) px4_2(2,0) px4_3(4,0) px4_4(2,2) px4_5(4,2)
  QGC ports: 18571 18572 18573 18574 18575
  Logs: tail -f /tmp/px4_1.log
  Next: python3 ~/Dissertation/scripts/arm_all_drones.py
════════════════════════════════════════════════════
[RC-PARAMS] Connecting to all 5 drones...
  px4_1: COM_RC_IN_MODE=4, NAV_RCL_ACT=0, COM_RCL_EXCEPT=31, GF_ACTION=0, COM_RC_LOSS_T=10 ✓
  px4_2: COM_RC_IN_MODE=4, NAV_RCL_ACT=0, COM_RCL_EXCEPT=31, GF_ACTION=0, COM_RC_LOSS_T=10 ✓
  px4_3: COM_RC_IN_MODE=4, NAV_RCL_ACT=0, COM_RCL_EXCEPT=31, GF_ACTION=0, COM_RC_LOSS_T=10 ✓
  px4_4: COM_RC_IN_MODE=4, NAV_RCL_ACT=0, COM_RCL_EXCEPT=31, GF_ACTION=0, COM_RC_LOSS_T=10 ✓
  px4_5: COM_RC_IN_MODE=4, NAV_RCL_ACT=0, COM_RCL_EXCEPT=31, GF_ACTION=0, COM_RC_LOSS_T=10 ✓
[RC-PARAMS] Done — drones will not RTL on RC loss.
scripts/start_swarm_motion.sh: line 107: 47546 Killed                  "$HOME/Dissertation/tools/Micro-XRCE-DDS-Agent/build/MicroXRCEAgent" udp4 -p 8888 > /tmp/xrce_agent.log 2>&1  (wd: ~/Dissertation)
scripts/start_swarm_motion.sh: line 107: 47554 Killed                  HEADLESS=1 PX4_SYS_AUTOSTART=4001 PX4_SIM_MODEL=gz_x500 PX4_UXRCE_DDS_NS=px4_1 ./build/px4_sitl_default/bin/px4 -i 1 < <(sleep infinity) > /tmp/px4_1.log 2>&1
scripts/start_swarm_motion.sh: line 107: 48043 Killed                  PX4_GZ_STANDALONE=1 PX4_SYS_AUTOSTART=4001 PX4_GZ_MODEL_POSE="2,0" PX4_SIM_MODEL=gz_x500 PX4_UXRCE_DDS_NS=px4_2 ./build/px4_sitl_default/bin/px4 -i 2 < <(sleep infinity) > /tmp/px4_2.log 2>&1
scripts/start_swarm_motion.sh: line 107: 48299 Killed                  PX4_GZ_STANDALONE=1 PX4_SYS_AUTOSTART=4001 PX4_GZ_MODEL_POSE="4,0" PX4_SIM_MODEL=gz_x500 PX4_UXRCE_DDS_NS=px4_3 ./build/px4_sitl_default/bin/px4 -i 3 < <(sleep infinity) > /tmp/px4_3.log 2>&1
scripts/start_swarm_motion.sh: line 107: 48718 Killed                  PX4_GZ_STANDALONE=1 PX4_SYS_AUTOSTART=4001 PX4_GZ_MODEL_POSE="2,2" PX4_SIM_MODEL=gz_x500 PX4_UXRCE_DDS_NS=px4_4 ./build/px4_sitl_default/bin/px4 -i 4 < <(sleep infinity) > /tmp/px4_4.log 2>&1
scripts/start_swarm_motion.sh: line 107: 49176 Killed                  PX4_GZ_STANDALONE=1 PX4_SYS_AUTOSTART=4001 PX4_GZ_MODEL_POSE="4,2" PX4_SIM_MODEL=gz_x500 PX4_UXRCE_DDS_NS=px4_5 ./build/px4_sitl_default/bin/px4 -i 5 < <(sleep infinity) > /tmp/px4_5.log 2>&1
