[INFO] [1783945258.137391200] [swarm_heartbeat_dynamic_px4_1]: [HB-DYN] px4_1 — waiting for ground truth, broadcasting at 5.0 Hz when ready
[INFO] [1783945455.031368479] [swarm_heartbeat_dynamic_px4_1]: [HB-DYN] px4_1 first GT received: [0.0, 0.0, -0.0]
Traceback (most recent call last):
  File "/home/msc-lab/Dissertation/ros_ws/px4_ros_ws/install/swarm_discovery/lib/python3.10/site-packages/swarm_discovery/swarm_heartbeat_dynamic.py", line 73, in main
    rclpy.spin(node)
  File "/opt/ros/humble/local/lib/python3.10/dist-packages/rclpy/__init__.py", line 229, in spin
    executor.spin_once()
  File "/opt/ros/humble/local/lib/python3.10/dist-packages/rclpy/executors.py", line 808, in spin_once
    self._spin_once_impl(timeout_sec)
  File "/opt/ros/humble/local/lib/python3.10/dist-packages/rclpy/executors.py", line 797, in _spin_once_impl
    handler, entity, node = self.wait_for_ready_callbacks(timeout_sec=timeout_sec)
  File "/opt/ros/humble/local/lib/python3.10/dist-packages/rclpy/executors.py", line 780, in wait_for_ready_callbacks
    return next(self._cb_iter)
  File "/opt/ros/humble/local/lib/python3.10/dist-packages/rclpy/executors.py", line 681, in _wait_for_ready_callbacks
    raise ExternalShutdownException()
rclpy.executors.ExternalShutdownException

During handling of the above exception, another exception occurred:

Traceback (most recent call last):
  File "/home/msc-lab/Dissertation/ros_ws/px4_ros_ws/install/swarm_discovery/lib/swarm_discovery/swarm_heartbeat_dynamic", line 33, in <module>
    sys.exit(load_entry_point('swarm_discovery==0.1.0', 'console_scripts', 'swarm_heartbeat_dynamic')())
  File "/home/msc-lab/Dissertation/ros_ws/px4_ros_ws/install/swarm_discovery/lib/python3.10/site-packages/swarm_discovery/swarm_heartbeat_dynamic.py", line 78, in main
    rclpy.shutdown()
  File "/opt/ros/humble/local/lib/python3.10/dist-packages/rclpy/__init__.py", line 130, in shutdown
    _shutdown(context=context)
  File "/opt/ros/humble/local/lib/python3.10/dist-packages/rclpy/utilities.py", line 58, in shutdown
    return context.shutdown()
  File "/opt/ros/humble/local/lib/python3.10/dist-packages/rclpy/context.py", line 102, in shutdown
    self.__context.shutdown()
rclpy._rclpy_pybind11.RCLError: failed to shutdown: rcl_shutdown already called on the given context, at ./src/rcl/init.c:241
