
╔═══════════════════════════════════════════════════════════════╗
║        MOTION EXPERIMENT BATCH RUNNER                        ║
╚═══════════════════════════════════════════════════════════════╝

  Started : Tue Jul 14 12:16:03 PM BST 2026
  Patterns: hover
  Log     : /tmp/run_all_motion_20260714_121603.log

  Matrix  : 6 approaches × 11 attacks × 1 pattern(s) = 66 runs

  Swarm   : OK (all 5 drone topics active)

──────────────────────────────────────────────────────────────
  [1/66]  wls/baseline/hover  (12:16:03)
  → SKIP (all 5 CSVs already present)
──────────────────────────────────────────────────────────────
  [2/66]  wls/sybil/hover  (12:16:03)
  → SKIP (all 5 CSVs already present)
──────────────────────────────────────────────────────────────
  [3/66]  wls/replay/hover  (12:16:03)
  → SKIP (all 5 CSVs already present)
──────────────────────────────────────────────────────────────
  [4/66]  wls/wormhole/hover  (12:16:03)
  → SKIP (all 5 CSVs already present)
──────────────────────────────────────────────────────────────
  [5/66]  wls/sybil_consistent/hover  (12:16:03)
  → SKIP (all 5 CSVs already present)
──────────────────────────────────────────────────────────────
  [6/66]  wls/replay_gradual/hover  (12:16:03)
  → SKIP (all 5 CSVs already present)
──────────────────────────────────────────────────────────────
  [7/66]  wls/byzantine/hover  (12:16:03)
  → SKIP (all 5 CSVs already present)
──────────────────────────────────────────────────────────────
  [8/66]  wls/timesync/hover  (12:16:03)
  → SKIP (all 5 CSVs already present)
──────────────────────────────────────────────────────────────
  [9/66]  wls/targeted_ramp/hover  (12:16:03)
  Restarting swarm for a clean run...
  [restart] (1/60) Killing stale processes...
  [restart] Launching start_swarm_motion.sh (log: /tmp/swarm_restart_1784027766.log)...
  [restart] Swarm ready after 87s.
  → RUNNING (attempt 1)...
  → PASS
  Settling 20s...
──────────────────────────────────────────────────────────────
  [10/66]  wls/targeted_osc/hover  (12:22:47)
  Restarting swarm for a clean run...
  [restart] (2/60) Killing stale processes...
  [restart] Launching start_swarm_motion.sh (log: /tmp/swarm_restart_1784028170.log)...
  [restart] Swarm ready after 87s.
  → RUNNING (attempt 1)...
  → PASS
  Settling 20s...
──────────────────────────────────────────────────────────────
  [11/66]  wls/targeted_two_drone/hover  (12:29:33)
  → SKIP (all 5 CSVs already present)
──────────────────────────────────────────────────────────────
  [12/66]  ekf/baseline/hover  (12:29:33)
  → SKIP (all 5 CSVs already present)
──────────────────────────────────────────────────────────────
  [13/66]  ekf/sybil/hover  (12:29:33)
  → SKIP (all 5 CSVs already present)
──────────────────────────────────────────────────────────────
  [14/66]  ekf/replay/hover  (12:29:33)
  → SKIP (all 5 CSVs already present)
──────────────────────────────────────────────────────────────
  [15/66]  ekf/wormhole/hover  (12:29:33)
  Restarting swarm for a clean run...
  [restart] (3/60) Killing stale processes...
  [restart] Launching start_swarm_motion.sh (log: /tmp/swarm_restart_1784028576.log)...
  [restart] Swarm ready after 87s.
  → RUNNING (attempt 1)...
  → PASS
  Settling 20s...
──────────────────────────────────────────────────────────────
  [16/66]  ekf/sybil_consistent/hover  (12:36:19)
  → SKIP (all 5 CSVs already present)
──────────────────────────────────────────────────────────────
  [17/66]  ekf/replay_gradual/hover  (12:36:19)
  Restarting swarm for a clean run...
  [restart] (4/60) Killing stale processes...
  [restart] Launching start_swarm_motion.sh (log: /tmp/swarm_restart_1784028980.log)...
  [restart] Swarm ready after 87s.
  → RUNNING (attempt 1)...
  → PASS
  Settling 20s...
──────────────────────────────────────────────────────────────
  [18/66]  ekf/byzantine/hover  (12:43:09)
  Restarting swarm for a clean run...
  [restart] (5/60) Killing stale processes...
  [restart] Launching start_swarm_motion.sh (log: /tmp/swarm_restart_1784029392.log)...
  [restart] Swarm ready after 87s.
  → RUNNING (attempt 1)...
  → PASS
  Settling 20s...
──────────────────────────────────────────────────────────────
  [19/66]  ekf/timesync/hover  (12:49:54)
  Restarting swarm for a clean run...
  [restart] (6/60) Killing stale processes...
  [restart] Launching start_swarm_motion.sh (log: /tmp/swarm_restart_1784029798.log)...
  [restart] Swarm ready after 87s.
  → RUNNING (attempt 1)...
  → PASS
  Settling 20s...
──────────────────────────────────────────────────────────────
  [20/66]  ekf/targeted_ramp/hover  (12:56:33)
  → SKIP (all 5 CSVs already present)
──────────────────────────────────────────────────────────────
  [21/66]  ekf/targeted_osc/hover  (12:56:33)
  Restarting swarm for a clean run...
  [restart] (7/60) Killing stale processes...
  [restart] Launching start_swarm_motion.sh (log: /tmp/swarm_restart_1784030196.log)...
  [restart] Swarm ready after 87s.
  → RUNNING (attempt 1)...
  → PASS
  Settling 20s...
──────────────────────────────────────────────────────────────
  [22/66]  ekf/targeted_two_drone/hover  (13:03:12)
  → SKIP (all 5 CSVs already present)
──────────────────────────────────────────────────────────────
  [23/66]  wls_huber/baseline/hover  (13:03:12)
  → SKIP (all 5 CSVs already present)
──────────────────────────────────────────────────────────────
  [24/66]  wls_huber/sybil/hover  (13:03:12)
  → SKIP (all 5 CSVs already present)
──────────────────────────────────────────────────────────────
  [25/66]  wls_huber/replay/hover  (13:03:12)
  → SKIP (all 5 CSVs already present)
──────────────────────────────────────────────────────────────
  [26/66]  wls_huber/wormhole/hover  (13:03:12)
  → SKIP (all 5 CSVs already present)
──────────────────────────────────────────────────────────────
  [27/66]  wls_huber/sybil_consistent/hover  (13:03:12)
  → SKIP (all 5 CSVs already present)
──────────────────────────────────────────────────────────────
  [28/66]  wls_huber/replay_gradual/hover  (13:03:12)
  → SKIP (all 5 CSVs already present)
──────────────────────────────────────────────────────────────
  [29/66]  wls_huber/byzantine/hover  (13:03:12)
  → SKIP (all 5 CSVs already present)
──────────────────────────────────────────────────────────────
  [30/66]  wls_huber/timesync/hover  (13:03:12)
  → SKIP (all 5 CSVs already present)
──────────────────────────────────────────────────────────────
  [31/66]  wls_huber/targeted_ramp/hover  (13:03:12)
  → SKIP (all 5 CSVs already present)
──────────────────────────────────────────────────────────────
  [32/66]  wls_huber/targeted_osc/hover  (13:03:12)
  → SKIP (all 5 CSVs already present)
──────────────────────────────────────────────────────────────
  [33/66]  wls_huber/targeted_two_drone/hover  (13:03:12)
  → SKIP (all 5 CSVs already present)
──────────────────────────────────────────────────────────────
  [34/66]  wls_tukey/baseline/hover  (13:03:12)
  → SKIP (all 5 CSVs already present)
──────────────────────────────────────────────────────────────
  [35/66]  wls_tukey/sybil/hover  (13:03:12)
  → SKIP (all 5 CSVs already present)
──────────────────────────────────────────────────────────────
  [36/66]  wls_tukey/replay/hover  (13:03:13)
  → SKIP (all 5 CSVs already present)
──────────────────────────────────────────────────────────────
  [37/66]  wls_tukey/wormhole/hover  (13:03:13)
  → SKIP (all 5 CSVs already present)
──────────────────────────────────────────────────────────────
  [38/66]  wls_tukey/sybil_consistent/hover  (13:03:13)
  → SKIP (all 5 CSVs already present)
──────────────────────────────────────────────────────────────
  [39/66]  wls_tukey/replay_gradual/hover  (13:03:13)
  → SKIP (all 5 CSVs already present)
──────────────────────────────────────────────────────────────
  [40/66]  wls_tukey/byzantine/hover  (13:03:13)
  → SKIP (all 5 CSVs already present)
──────────────────────────────────────────────────────────────
  [41/66]  wls_tukey/timesync/hover  (13:03:13)
  → SKIP (all 5 CSVs already present)
──────────────────────────────────────────────────────────────
  [42/66]  wls_tukey/targeted_ramp/hover  (13:03:13)
  → SKIP (all 5 CSVs already present)
──────────────────────────────────────────────────────────────
  [43/66]  wls_tukey/targeted_osc/hover  (13:03:13)
  → SKIP (all 5 CSVs already present)
──────────────────────────────────────────────────────────────
  [44/66]  wls_tukey/targeted_two_drone/hover  (13:03:13)
  → SKIP (all 5 CSVs already present)
──────────────────────────────────────────────────────────────
  [45/66]  ransac/baseline/hover  (13:03:13)
  → SKIP (all 5 CSVs already present)
──────────────────────────────────────────────────────────────
  [46/66]  ransac/sybil/hover  (13:03:13)
  → SKIP (all 5 CSVs already present)
──────────────────────────────────────────────────────────────
  [47/66]  ransac/replay/hover  (13:03:13)
  → SKIP (all 5 CSVs already present)
──────────────────────────────────────────────────────────────
  [48/66]  ransac/wormhole/hover  (13:03:13)
  → SKIP (all 5 CSVs already present)
──────────────────────────────────────────────────────────────
  [49/66]  ransac/sybil_consistent/hover  (13:03:13)
  → SKIP (all 5 CSVs already present)
──────────────────────────────────────────────────────────────
  [50/66]  ransac/replay_gradual/hover  (13:03:13)
  → SKIP (all 5 CSVs already present)
──────────────────────────────────────────────────────────────
  [51/66]  ransac/byzantine/hover  (13:03:13)
  → SKIP (all 5 CSVs already present)
──────────────────────────────────────────────────────────────
  [52/66]  ransac/timesync/hover  (13:03:13)
  → SKIP (all 5 CSVs already present)
──────────────────────────────────────────────────────────────
  [53/66]  ransac/targeted_ramp/hover  (13:03:13)
  → SKIP (all 5 CSVs already present)
──────────────────────────────────────────────────────────────
  [54/66]  ransac/targeted_osc/hover  (13:03:13)
  → SKIP (all 5 CSVs already present)
──────────────────────────────────────────────────────────────
  [55/66]  ransac/targeted_two_drone/hover  (13:03:13)
  → SKIP (all 5 CSVs already present)
──────────────────────────────────────────────────────────────
  [56/66]  ekf_chi2_huber/baseline/hover  (13:03:13)
  Restarting swarm for a clean run...
  [restart] (8/60) Killing stale processes...
  [restart] Launching start_swarm_motion.sh (log: /tmp/swarm_restart_1784030596.log)...
  [restart] Swarm ready after 87s.
  → RUNNING (attempt 1)...
  Run failed but swarm still alive — not a crash, not retrying.
  → FAIL (see /tmp/run_all_motion_20260714_121603.log)
  Settling 20s...
──────────────────────────────────────────────────────────────
  [57/66]  ekf_chi2_huber/sybil/hover  (13:09:49)
  Restarting swarm for a clean run...
  [restart] (9/60) Killing stale processes...
  [restart] Launching start_swarm_motion.sh (log: /tmp/swarm_restart_1784030992.log)...
  [restart] Swarm ready after 87s.
  → RUNNING (attempt 1)...
  Run failed but swarm still alive — not a crash, not retrying.
  → FAIL (see /tmp/run_all_motion_20260714_121603.log)
  Settling 20s...
──────────────────────────────────────────────────────────────
  [58/66]  ekf_chi2_huber/replay/hover  (13:16:32)
  Restarting swarm for a clean run...
  [restart] (10/60) Killing stale processes...
  [restart] Launching start_swarm_motion.sh (log: /tmp/swarm_restart_1784031395.log)...
  [restart] Swarm ready after 87s.
  → RUNNING (attempt 1)...
  Run failed but swarm still alive — not a crash, not retrying.
  → FAIL (see /tmp/run_all_motion_20260714_121603.log)
  Settling 20s...
──────────────────────────────────────────────────────────────
  [59/66]  ekf_chi2_huber/wormhole/hover  (13:23:16)
  Restarting swarm for a clean run...
  [restart] (11/60) Killing stale processes...
  [restart] Launching start_swarm_motion.sh (log: /tmp/swarm_restart_1784031799.log)...
  [restart] Swarm ready after 87s.
  → RUNNING (attempt 1)...
  Run failed but swarm still alive — not a crash, not retrying.
  → FAIL (see /tmp/run_all_motion_20260714_121603.log)
  Settling 20s...
──────────────────────────────────────────────────────────────
  [60/66]  ekf_chi2_huber/sybil_consistent/hover  (13:30:00)
  Restarting swarm for a clean run...
  [restart] (12/60) Killing stale processes...
  [restart] Launching start_swarm_motion.sh (log: /tmp/swarm_restart_1784032203.log)...
  [restart] Swarm ready after 87s.
  → RUNNING (attempt 1)...
  Run failed but swarm still alive — not a crash, not retrying.
  → FAIL (see /tmp/run_all_motion_20260714_121603.log)
  Settling 20s...
──────────────────────────────────────────────────────────────
  [61/66]  ekf_chi2_huber/replay_gradual/hover  (13:36:39)
  Restarting swarm for a clean run...
  [restart] (13/60) Killing stale processes...
  [restart] Launching start_swarm_motion.sh (log: /tmp/swarm_restart_1784032602.log)...
  [restart] Swarm ready after 87s.
  → RUNNING (attempt 1)...
  Run failed but swarm still alive — not a crash, not retrying.
  → FAIL (see /tmp/run_all_motion_20260714_121603.log)
  Settling 20s...
──────────────────────────────────────────────────────────────
  [62/66]  ekf_chi2_huber/byzantine/hover  (13:43:21)
  Restarting swarm for a clean run...
  [restart] (14/60) Killing stale processes...
  [restart] Launching start_swarm_motion.sh (log: /tmp/swarm_restart_1784033004.log)...
  [restart] Swarm ready after 87s.
  → RUNNING (attempt 1)...
  → PASS
  Settling 20s...
──────────────────────────────────────────────────────────────
  [63/66]  ekf_chi2_huber/timesync/hover  (13:50:01)
  Restarting swarm for a clean run...
  [restart] (15/60) Killing stale processes...
  [restart] Launching start_swarm_motion.sh (log: /tmp/swarm_restart_1784033404.log)...
  [restart] Swarm ready after 87s.
  → RUNNING (attempt 1)...
  → PASS
  Settling 20s...
──────────────────────────────────────────────────────────────
  [64/66]  ekf_chi2_huber/targeted_ramp/hover  (13:56:44)
  Restarting swarm for a clean run...
  [restart] (16/60) Killing stale processes...
  [restart] Launching start_swarm_motion.sh (log: /tmp/swarm_restart_1784033807.log)...
  [restart] Swarm ready after 87s.
  → RUNNING (attempt 1)...
  → PASS
  Settling 20s...
──────────────────────────────────────────────────────────────
  [65/66]  ekf_chi2_huber/targeted_osc/hover  (14:03:18)
  Restarting swarm for a clean run...
  [restart] (17/60) Killing stale processes...
  [restart] Launching start_swarm_motion.sh (log: /tmp/swarm_restart_1784034201.log)...
  [restart] Swarm ready after 87s.
  → RUNNING (attempt 1)...
  → PASS
  Settling 20s...
──────────────────────────────────────────────────────────────
  [66/66]  ekf_chi2_huber/targeted_two_drone/hover  (14:09:59)
  Restarting swarm for a clean run...
  [restart] (18/60) Killing stale processes...
  [restart] Launching start_swarm_motion.sh (log: /tmp/swarm_restart_1784034602.log)...
  [restart] Swarm ready after 87s.
  → RUNNING (attempt 1)...
  → PASS
  Settling 20s...

╔═══════════════════════════════════════════════════════════════╗
║  BATCH COMPLETE  14:16:37 14-Jul-2026
║  Passed: 12   Skipped: 48   Failed: 6   Total: 66
╚═══════════════════════════════════════════════════════════════╝

  Pattern=hover

                     baseline         sybil            replay           wormhole         sybil_consistent replay_gradual   byzantine        timesync         targeted_ramp    targeted_osc     targeted_two_drone
    wls              skip             skip             skip             skip             skip             skip             skip             skip             pass             pass             skip            
    ekf              skip             skip             skip             pass             skip             pass             pass             pass             skip             pass             skip            
    wls_huber        skip             skip             skip             skip             skip             skip             skip             skip             skip             skip             skip            
    wls_tukey        skip             skip             skip             skip             skip             skip             skip             skip             skip             skip             skip            
    ransac           skip             skip             skip             skip             skip             skip             skip             skip             skip             skip             skip            
    ekf_chi2_huber   FAIL             FAIL             FAIL             FAIL             FAIL             FAIL             pass             pass             pass             pass             pass            

  CSVs : /home/msc-lab/Dissertation/evidence/metrics/motion/
  Log  : /tmp/run_all_motion_20260714_121603.log

  Some runs failed. Fix the issue and re-run — passing runs are skipped.
