
╔═══════════════════════════════════════════════════════════════╗
║        MOTION EXPERIMENT BATCH RUNNER                        ║
╚═══════════════════════════════════════════════════════════════╝

  Started : Mon Jul 13 03:33:31 PM BST 2026
  Patterns: hover
  Log     : /tmp/run_all_motion_20260713_153331.log

  Matrix  : 6 approaches × 11 attacks × 1 pattern(s) = 66 runs

  Swarm   : OK (all 5 drone topics active)

──────────────────────────────────────────────────────────────
  [1/66]  wls/baseline/hover  (15:33:32)
  Restarting swarm for a clean run...
  [restart] (1/60) Killing stale processes...
  [restart] Launching start_swarm_motion.sh (log: /tmp/swarm_restart_1783953215.log)...
  [restart] Swarm ready after 87s.
  → RUNNING (attempt 1)...
  Run failed but swarm still alive — not a crash, not retrying.
  → FAIL (see /tmp/run_all_motion_20260713_153331.log)
  Settling 20s...
──────────────────────────────────────────────────────────────
  [2/66]  wls/sybil/hover  (15:38:40)
  Restarting swarm for a clean run...
  [restart] (2/60) Killing stale processes...
  [restart] Launching start_swarm_motion.sh (log: /tmp/swarm_restart_1783953523.log)...
  [restart] Swarm ready after 87s.
  → RUNNING (attempt 1)...
  → PASS
  Settling 20s...
──────────────────────────────────────────────────────────────
  [3/66]  wls/replay/hover  (15:44:11)
  Restarting swarm for a clean run...
  [restart] (3/60) Killing stale processes...
  [restart] Launching start_swarm_motion.sh (log: /tmp/swarm_restart_1783953854.log)...
  [restart] Swarm ready after 87s.
  → RUNNING (attempt 1)...
  Run failed but swarm still alive — not a crash, not retrying.
  → FAIL (see /tmp/run_all_motion_20260713_153331.log)
  Settling 20s...
──────────────────────────────────────────────────────────────
  [4/66]  wls/wormhole/hover  (15:48:54)
  Restarting swarm for a clean run...
  [restart] (4/60) Killing stale processes...
  [restart] Launching start_swarm_motion.sh (log: /tmp/swarm_restart_1783954137.log)...
  [restart] Swarm ready after 87s.
  → RUNNING (attempt 1)...
  → PASS
  Settling 20s...
──────────────────────────────────────────────────────────────
  [5/66]  wls/sybil_consistent/hover  (15:53:47)
  Restarting swarm for a clean run...
  [restart] (5/60) Killing stale processes...
  [restart] Launching start_swarm_motion.sh (log: /tmp/swarm_restart_1783954431.log)...
  [restart] Swarm ready after 87s.
  → RUNNING (attempt 1)...
  → PASS
  Settling 20s...
──────────────────────────────────────────────────────────────
  [6/66]  wls/replay_gradual/hover  (15:58:44)
  Restarting swarm for a clean run...
  [restart] (6/60) Killing stale processes...
  [restart] Launching start_swarm_motion.sh (log: /tmp/swarm_restart_1783954727.log)...
  [restart] Swarm ready after 87s.
  → RUNNING (attempt 1)...
  → PASS
  Settling 20s...
──────────────────────────────────────────────────────────────
  [7/66]  wls/byzantine/hover  (16:03:39)
  Restarting swarm for a clean run...
  [restart] (7/60) Killing stale processes...
  [restart] Launching start_swarm_motion.sh (log: /tmp/swarm_restart_1783955022.log)...
  [restart] Swarm ready after 87s.
  → RUNNING (attempt 1)...
  → PASS
  Settling 20s...
──────────────────────────────────────────────────────────────
  [8/66]  wls/timesync/hover  (16:08:35)
  Restarting swarm for a clean run...
  [restart] (8/60) Killing stale processes...
  [restart] Launching start_swarm_motion.sh (log: /tmp/swarm_restart_1783955318.log)...
  [restart] Swarm ready after 87s.
  → RUNNING (attempt 1)...
  → PASS
  Settling 20s...
──────────────────────────────────────────────────────────────
  [9/66]  wls/targeted_ramp/hover  (16:13:31)
  Restarting swarm for a clean run...
  [restart] (9/60) Killing stale processes...
  [restart] Launching start_swarm_motion.sh (log: /tmp/swarm_restart_1783955614.log)...
  [restart] Swarm ready after 87s.
  → RUNNING (attempt 1)...
  Run failed but swarm still alive — not a crash, not retrying.
  → FAIL (see /tmp/run_all_motion_20260713_153331.log)
  Settling 20s...
──────────────────────────────────────────────────────────────
  [10/66]  wls/targeted_osc/hover  (16:18:35)
  Restarting swarm for a clean run...
  [restart] (10/60) Killing stale processes...
  [restart] Launching start_swarm_motion.sh (log: /tmp/swarm_restart_1783955918.log)...
  [restart] Swarm ready after 87s.
  → RUNNING (attempt 1)...
  Run failed but swarm still alive — not a crash, not retrying.
  → FAIL (see /tmp/run_all_motion_20260713_153331.log)
  Settling 20s...
──────────────────────────────────────────────────────────────
  [11/66]  wls/targeted_two_drone/hover  (16:24:25)
  Restarting swarm for a clean run...
  [restart] (11/60) Killing stale processes...
  [restart] Launching start_swarm_motion.sh (log: /tmp/swarm_restart_1783956235.log)...
  [restart] Swarm ready after 87s.
  → RUNNING (attempt 1)...
  → PASS
  Settling 20s...
──────────────────────────────────────────────────────────────
  [12/66]  ekf/baseline/hover  (16:28:55)
  Restarting swarm for a clean run...
  [restart] (12/60) Killing stale processes...
  [restart] Launching start_swarm_motion.sh (log: /tmp/swarm_restart_1783956538.log)...
  [restart] Swarm ready after 87s.
  → RUNNING (attempt 1)...
  → PASS
  Settling 20s...
──────────────────────────────────────────────────────────────
  [13/66]  ekf/sybil/hover  (16:33:45)
  Restarting swarm for a clean run...
  [restart] (13/60) Killing stale processes...
  [restart] Launching start_swarm_motion.sh (log: /tmp/swarm_restart_1783956828.log)...
  [restart] Swarm ready after 87s.
  → RUNNING (attempt 1)...
  → PASS
  Settling 20s...
──────────────────────────────────────────────────────────────
  [14/66]  ekf/replay/hover  (16:38:37)
  Restarting swarm for a clean run...
  [restart] (14/60) Killing stale processes...
  [restart] Launching start_swarm_motion.sh (log: /tmp/swarm_restart_1783957120.log)...
  [restart] Swarm ready after 87s.
  → RUNNING (attempt 1)...
  → PASS
  Settling 20s...
──────────────────────────────────────────────────────────────
  [15/66]  ekf/wormhole/hover  (16:43:33)
  Restarting swarm for a clean run...
  [restart] (15/60) Killing stale processes...
  [restart] Launching start_swarm_motion.sh (log: /tmp/swarm_restart_1783957448.log)...
  [restart] Swarm ready after 87s.
  → RUNNING (attempt 1)...
  Run failed but swarm still alive — not a crash, not retrying.
  → FAIL (see /tmp/run_all_motion_20260713_153331.log)
  Settling 20s...
──────────────────────────────────────────────────────────────
  [16/66]  ekf/sybil_consistent/hover  (16:48:54)
  Restarting swarm for a clean run...
  [restart] (16/60) Killing stale processes...
  [restart] Launching start_swarm_motion.sh (log: /tmp/swarm_restart_1783957737.log)...
  [restart] Swarm ready after 87s.
  → RUNNING (attempt 1)...
  → PASS
  Settling 20s...
──────────────────────────────────────────────────────────────
  [17/66]  ekf/replay_gradual/hover  (16:53:55)
  Restarting swarm for a clean run...
  [restart] (17/60) Killing stale processes...
  [restart] Launching start_swarm_motion.sh (log: /tmp/swarm_restart_1783958038.log)...
  [restart] Swarm ready after 87s.
  → RUNNING (attempt 1)...
  Run failed but swarm still alive — not a crash, not retrying.
  → FAIL (see /tmp/run_all_motion_20260713_153331.log)
  Settling 20s...
──────────────────────────────────────────────────────────────
  [18/66]  ekf/byzantine/hover  (17:00:47)
  Restarting swarm for a clean run...
  [restart] (18/60) Killing stale processes...
  [restart] Launching start_swarm_motion.sh (log: /tmp/swarm_restart_1783958450.log)...
  [restart] Swarm ready after 87s.
  → RUNNING (attempt 1)...
  Run failed but swarm still alive — not a crash, not retrying.
  → FAIL (see /tmp/run_all_motion_20260713_153331.log)
  Settling 20s...
──────────────────────────────────────────────────────────────
  [19/66]  ekf/timesync/hover  (17:07:43)
  Restarting swarm for a clean run...
  [restart] (19/60) Killing stale processes...
  [restart] Launching start_swarm_motion.sh (log: /tmp/swarm_restart_1783958866.log)...
  [restart] Swarm ready after 87s.
  → RUNNING (attempt 1)...
  Run failed but swarm still alive — not a crash, not retrying.
  → FAIL (see /tmp/run_all_motion_20260713_153331.log)
  Settling 20s...
──────────────────────────────────────────────────────────────
  [20/66]  ekf/targeted_ramp/hover  (17:14:38)
  Restarting swarm for a clean run...
  [restart] (20/60) Killing stale processes...
  [restart] Launching start_swarm_motion.sh (log: /tmp/swarm_restart_1783959280.log)...
  [restart] Swarm ready after 87s.
  → RUNNING (attempt 1)...
  → PASS
  Settling 20s...
──────────────────────────────────────────────────────────────
  [21/66]  ekf/targeted_osc/hover  (17:21:32)
  Restarting swarm for a clean run...
  [restart] (21/60) Killing stale processes...
  [restart] Launching start_swarm_motion.sh (log: /tmp/swarm_restart_1783959695.log)...
  [restart] Swarm ready after 87s.
  → RUNNING (attempt 1)...
  Run failed but swarm still alive — not a crash, not retrying.
  → FAIL (see /tmp/run_all_motion_20260713_153331.log)
  Settling 20s...
──────────────────────────────────────────────────────────────
  [22/66]  ekf/targeted_two_drone/hover  (17:28:30)
  Restarting swarm for a clean run...
  [restart] (22/60) Killing stale processes...
  [restart] Launching start_swarm_motion.sh (log: /tmp/swarm_restart_1783960113.log)...
  [restart] Swarm ready after 87s.
  → RUNNING (attempt 1)...
  → PASS
  Settling 20s...
──────────────────────────────────────────────────────────────
  [23/66]  wls_huber/baseline/hover  (17:35:32)
  Restarting swarm for a clean run...
  [restart] (23/60) Killing stale processes...
  [restart] Launching start_swarm_motion.sh (log: /tmp/swarm_restart_1783960536.log)...
  [restart] Swarm ready after 87s.
  → RUNNING (attempt 1)...
  → PASS
  Settling 20s...
──────────────────────────────────────────────────────────────
  [24/66]  wls_huber/sybil/hover  (17:42:17)
  Restarting swarm for a clean run...
  [restart] (24/60) Killing stale processes...
  [restart] Launching start_swarm_motion.sh (log: /tmp/swarm_restart_1783960939.log)...
  [restart] Swarm ready after 87s.
  → RUNNING (attempt 1)...
  → PASS
  Settling 20s...
──────────────────────────────────────────────────────────────
  [25/66]  wls_huber/replay/hover  (17:49:08)
  Restarting swarm for a clean run...
  [restart] (25/60) Killing stale processes...
  [restart] Launching start_swarm_motion.sh (log: /tmp/swarm_restart_1783961351.log)...
  [restart] Swarm ready after 87s.
  → RUNNING (attempt 1)...
  → PASS
  Settling 20s...
──────────────────────────────────────────────────────────────
  [26/66]  wls_huber/wormhole/hover  (17:55:58)
  Restarting swarm for a clean run...
  [restart] (26/60) Killing stale processes...
  [restart] Launching start_swarm_motion.sh (log: /tmp/swarm_restart_1783961760.log)...
  [restart] Swarm ready after 87s.
  → RUNNING (attempt 1)...
  → PASS
  Settling 20s...
──────────────────────────────────────────────────────────────
  [27/66]  wls_huber/sybil_consistent/hover  (18:02:56)
  Restarting swarm for a clean run...
  [restart] (27/60) Killing stale processes...
  [restart] Launching start_swarm_motion.sh (log: /tmp/swarm_restart_1783962179.log)...
  [restart] Swarm ready after 87s.
  → RUNNING (attempt 1)...
  → PASS
  Settling 20s...
──────────────────────────────────────────────────────────────
  [28/66]  wls_huber/replay_gradual/hover  (18:09:56)
  Restarting swarm for a clean run...
  [restart] (28/60) Killing stale processes...
  [restart] Launching start_swarm_motion.sh (log: /tmp/swarm_restart_1783962599.log)...
  [restart] Swarm ready after 87s.
  → RUNNING (attempt 1)...
  → PASS
  Settling 20s...
──────────────────────────────────────────────────────────────
  [29/66]  wls_huber/byzantine/hover  (18:16:50)
  Restarting swarm for a clean run...
  [restart] (29/60) Killing stale processes...
  [restart] Launching start_swarm_motion.sh (log: /tmp/swarm_restart_1783963012.log)...
  [restart] Swarm ready after 87s.
  → RUNNING (attempt 1)...
  → PASS
  Settling 20s...
──────────────────────────────────────────────────────────────
  [30/66]  wls_huber/timesync/hover  (18:24:12)
  Restarting swarm for a clean run...
  [restart] (30/60) Killing stale processes...
  [restart] Launching start_swarm_motion.sh (log: /tmp/swarm_restart_1783963455.log)...
  [restart] Swarm ready after 87s.
  → RUNNING (attempt 1)...
  → PASS
  Settling 20s...
──────────────────────────────────────────────────────────────
  [31/66]  wls_huber/targeted_ramp/hover  (18:31:02)
  Restarting swarm for a clean run...
  [restart] (31/60) Killing stale processes...
  [restart] Launching start_swarm_motion.sh (log: /tmp/swarm_restart_1783963865.log)...
  [restart] Swarm ready after 87s.
  → RUNNING (attempt 1)...
  → PASS
  Settling 20s...
──────────────────────────────────────────────────────────────
  [32/66]  wls_huber/targeted_osc/hover  (18:37:55)
  Restarting swarm for a clean run...
  [restart] (32/60) Killing stale processes...
  [restart] Launching start_swarm_motion.sh (log: /tmp/swarm_restart_1783964278.log)...
  [restart] Swarm ready after 87s.
  → RUNNING (attempt 1)...
  → PASS
  Settling 20s...
──────────────────────────────────────────────────────────────
  [33/66]  wls_huber/targeted_two_drone/hover  (18:44:55)
  Restarting swarm for a clean run...
  [restart] (33/60) Killing stale processes...
  [restart] Launching start_swarm_motion.sh (log: /tmp/swarm_restart_1783964698.log)...
  [restart] Swarm ready after 87s.
  → RUNNING (attempt 1)...
  → PASS
  Settling 20s...
──────────────────────────────────────────────────────────────
  [34/66]  wls_tukey/baseline/hover  (18:52:05)
  Restarting swarm for a clean run...
  [restart] (34/60) Killing stale processes...
  [restart] Launching start_swarm_motion.sh (log: /tmp/swarm_restart_1783965128.log)...
  [restart] Swarm ready after 87s.
  → RUNNING (attempt 1)...
  → PASS
  Settling 20s...
──────────────────────────────────────────────────────────────
  [35/66]  wls_tukey/sybil/hover  (18:59:28)
  Restarting swarm for a clean run...
  [restart] (35/60) Killing stale processes...
  [restart] Launching start_swarm_motion.sh (log: /tmp/swarm_restart_1783965571.log)...
  [restart] Swarm ready after 87s.
  → RUNNING (attempt 1)...
  → PASS
  Settling 20s...
──────────────────────────────────────────────────────────────
  [36/66]  wls_tukey/replay/hover  (19:06:36)
  Restarting swarm for a clean run...
  [restart] (36/60) Killing stale processes...
  [restart] Launching start_swarm_motion.sh (log: /tmp/swarm_restart_1783965999.log)...
  [restart] Swarm ready after 87s.
  → RUNNING (attempt 1)...
  → PASS
  Settling 20s...
──────────────────────────────────────────────────────────────
  [37/66]  wls_tukey/wormhole/hover  (19:13:35)
  Restarting swarm for a clean run...
  [restart] (37/60) Killing stale processes...
  [restart] Launching start_swarm_motion.sh (log: /tmp/swarm_restart_1783966417.log)...
  [restart] Swarm ready after 87s.
  → RUNNING (attempt 1)...
  → PASS
  Settling 20s...
──────────────────────────────────────────────────────────────
  [38/66]  wls_tukey/sybil_consistent/hover  (19:20:44)
  Restarting swarm for a clean run...
  [restart] (38/60) Killing stale processes...
  [restart] Launching start_swarm_motion.sh (log: /tmp/swarm_restart_1783966847.log)...
  [restart] Swarm ready after 87s.
  → RUNNING (attempt 1)...
  → PASS
  Settling 20s...
──────────────────────────────────────────────────────────────
  [39/66]  wls_tukey/replay_gradual/hover  (19:28:03)
  Restarting swarm for a clean run...
  [restart] (39/60) Killing stale processes...
  [restart] Launching start_swarm_motion.sh (log: /tmp/swarm_restart_1783967286.log)...
  [restart] Swarm ready after 87s.
  → RUNNING (attempt 1)...
  → PASS
  Settling 20s...
──────────────────────────────────────────────────────────────
  [40/66]  wls_tukey/byzantine/hover  (19:34:04)
  Restarting swarm for a clean run...
  [restart] (40/60) Killing stale processes...
  [restart] Launching start_swarm_motion.sh (log: /tmp/swarm_restart_1783967647.log)...
  [restart] Swarm ready after 87s.
  → RUNNING (attempt 1)...
  → PASS
  Settling 20s...
──────────────────────────────────────────────────────────────
  [41/66]  wls_tukey/timesync/hover  (19:40:55)
  Restarting swarm for a clean run...
  [restart] (41/60) Killing stale processes...
  [restart] Launching start_swarm_motion.sh (log: /tmp/swarm_restart_1783968058.log)...
  [restart] Swarm ready after 87s.
  → RUNNING (attempt 1)...
  → PASS
  Settling 20s...
──────────────────────────────────────────────────────────────
  [42/66]  wls_tukey/targeted_ramp/hover  (19:48:11)
  Restarting swarm for a clean run...
  [restart] (42/60) Killing stale processes...
  [restart] Launching start_swarm_motion.sh (log: /tmp/swarm_restart_1783968494.log)...
  [restart] Swarm ready after 87s.
  → RUNNING (attempt 1)...
  → PASS
  Settling 20s...
──────────────────────────────────────────────────────────────
  [43/66]  wls_tukey/targeted_osc/hover  (19:55:06)
  Restarting swarm for a clean run...
  [restart] (43/60) Killing stale processes...
  [restart] Launching start_swarm_motion.sh (log: /tmp/swarm_restart_1783968909.log)...
  [restart] Swarm ready after 87s.
  → RUNNING (attempt 1)...
  → PASS
  Settling 20s...
──────────────────────────────────────────────────────────────
  [44/66]  wls_tukey/targeted_two_drone/hover  (20:02:07)
  Restarting swarm for a clean run...
  [restart] (44/60) Killing stale processes...
  [restart] Launching start_swarm_motion.sh (log: /tmp/swarm_restart_1783969331.log)...
  [restart] Swarm ready after 87s.
  → RUNNING (attempt 1)...
  → PASS
  Settling 20s...
──────────────────────────────────────────────────────────────
  [45/66]  ransac/baseline/hover  (20:09:11)
  Restarting swarm for a clean run...
  [restart] (45/60) Killing stale processes...
  [restart] Launching start_swarm_motion.sh (log: /tmp/swarm_restart_1783969754.log)...
  [restart] Swarm ready after 87s.
  → RUNNING (attempt 1)...
  → PASS
  Settling 20s...
──────────────────────────────────────────────────────────────
  [46/66]  ransac/sybil/hover  (20:16:11)
  Restarting swarm for a clean run...
  [restart] (46/60) Killing stale processes...
  [restart] Launching start_swarm_motion.sh (log: /tmp/swarm_restart_1783970174.log)...
  [restart] Swarm ready after 87s.
  → RUNNING (attempt 1)...
  → PASS
  Settling 20s...
──────────────────────────────────────────────────────────────
  [47/66]  ransac/replay/hover  (20:23:16)
  Restarting swarm for a clean run...
  [restart] (47/60) Killing stale processes...
  [restart] Launching start_swarm_motion.sh (log: /tmp/swarm_restart_1783970599.log)...
  [restart] Swarm ready after 87s.
  → RUNNING (attempt 1)...
  → PASS
  Settling 20s...
──────────────────────────────────────────────────────────────
  [48/66]  ransac/wormhole/hover  (20:30:21)
  Restarting swarm for a clean run...
  [restart] (48/60) Killing stale processes...
  [restart] Launching start_swarm_motion.sh (log: /tmp/swarm_restart_1783971025.log)...
  [restart] Swarm ready after 87s.
  → RUNNING (attempt 1)...
  → PASS
  Settling 20s...
──────────────────────────────────────────────────────────────
  [49/66]  ransac/sybil_consistent/hover  (20:37:24)
  Restarting swarm for a clean run...
  [restart] (49/60) Killing stale processes...
  [restart] Launching start_swarm_motion.sh (log: /tmp/swarm_restart_1783971447.log)...
  [restart] Swarm ready after 87s.
  → RUNNING (attempt 1)...
  → PASS
  Settling 20s...
──────────────────────────────────────────────────────────────
  [50/66]  ransac/replay_gradual/hover  (20:44:30)
  Restarting swarm for a clean run...
  [restart] (50/60) Killing stale processes...
  [restart] Launching start_swarm_motion.sh (log: /tmp/swarm_restart_1783971873.log)...
  [restart] Swarm ready after 87s.
  → RUNNING (attempt 1)...
  → PASS
  Settling 20s...
──────────────────────────────────────────────────────────────
  [51/66]  ransac/byzantine/hover  (20:51:34)
  Restarting swarm for a clean run...
  [restart] (51/60) Killing stale processes...
  [restart] Launching start_swarm_motion.sh (log: /tmp/swarm_restart_1783972297.log)...
  [restart] Swarm ready after 87s.
  → RUNNING (attempt 1)...
  → PASS
  Settling 20s...
──────────────────────────────────────────────────────────────
  [52/66]  ransac/timesync/hover  (20:58:40)
  Restarting swarm for a clean run...
  [restart] (52/60) Killing stale processes...
  [restart] Launching start_swarm_motion.sh (log: /tmp/swarm_restart_1783972723.log)...
  [restart] Swarm ready after 87s.
  → RUNNING (attempt 1)...
  → PASS
  Settling 20s...
──────────────────────────────────────────────────────────────
  [53/66]  ransac/targeted_ramp/hover  (21:05:45)
  Restarting swarm for a clean run...
  [restart] (53/60) Killing stale processes...
  [restart] Launching start_swarm_motion.sh (log: /tmp/swarm_restart_1783973148.log)...
  [restart] Swarm ready after 87s.
  → RUNNING (attempt 1)...
  → PASS
  Settling 20s...
──────────────────────────────────────────────────────────────
  [54/66]  ransac/targeted_osc/hover  (21:12:51)
  Restarting swarm for a clean run...
  [restart] (54/60) Killing stale processes...
  [restart] Launching start_swarm_motion.sh (log: /tmp/swarm_restart_1783973574.log)...
  [restart] Swarm ready after 87s.
  → RUNNING (attempt 1)...
  → PASS
  Settling 20s...
──────────────────────────────────────────────────────────────
  [55/66]  ransac/targeted_two_drone/hover  (21:19:54)
  Restarting swarm for a clean run...
  [restart] (55/60) Killing stale processes...
  [restart] Launching start_swarm_motion.sh (log: /tmp/swarm_restart_1783973997.log)...
  [restart] Swarm ready after 87s.
  → RUNNING (attempt 1)...
  → PASS
  Settling 20s...
──────────────────────────────────────────────────────────────
  [56/66]  ekf_chi2_huber/baseline/hover  (21:26:58)
  Restarting swarm for a clean run...
  [restart] (56/60) Killing stale processes...
  [restart] Launching start_swarm_motion.sh (log: /tmp/swarm_restart_1783974421.log)...
  [restart] Swarm ready after 87s.
  → RUNNING (attempt 1)...
  Run failed but swarm still alive — not a crash, not retrying.
  → FAIL (see /tmp/run_all_motion_20260713_153331.log)
  Settling 20s...
──────────────────────────────────────────────────────────────
  [57/66]  ekf_chi2_huber/sybil/hover  (21:33:56)
  Restarting swarm for a clean run...
  [restart] (57/60) Killing stale processes...
  [restart] Launching start_swarm_motion.sh (log: /tmp/swarm_restart_1783974839.log)...
  [restart] Swarm ready after 87s.
  → RUNNING (attempt 1)...
  Run failed but swarm still alive — not a crash, not retrying.
  → FAIL (see /tmp/run_all_motion_20260713_153331.log)
  Settling 20s...
──────────────────────────────────────────────────────────────
  [58/66]  ekf_chi2_huber/replay/hover  (21:41:04)
  Restarting swarm for a clean run...
  [restart] (58/60) Killing stale processes...
  [restart] Launching start_swarm_motion.sh (log: /tmp/swarm_restart_1783975267.log)...
  [restart] Swarm ready after 87s.
  → RUNNING (attempt 1)...
  Run failed but swarm still alive — not a crash, not retrying.
  → FAIL (see /tmp/run_all_motion_20260713_153331.log)
  Settling 20s...
──────────────────────────────────────────────────────────────
  [59/66]  ekf_chi2_huber/wormhole/hover  (21:48:08)
  Restarting swarm for a clean run...
  [restart] (59/60) Killing stale processes...
  [restart] Launching start_swarm_motion.sh (log: /tmp/swarm_restart_1783975691.log)...
  [restart] Swarm ready after 87s.
  → RUNNING (attempt 1)...
  Run failed but swarm still alive — not a crash, not retrying.
  → FAIL (see /tmp/run_all_motion_20260713_153331.log)
  Settling 20s...
──────────────────────────────────────────────────────────────
  [60/66]  ekf_chi2_huber/sybil_consistent/hover  (21:55:17)
  Restarting swarm for a clean run...
  [restart] (60/60) Killing stale processes...
  [restart] Launching start_swarm_motion.sh (log: /tmp/swarm_restart_1783976120.log)...
  [restart] Swarm ready after 87s.
  → RUNNING (attempt 1)...
