[17:20:38] Watchdog started. Watching /tmp/run_all_motion_clean2.log (stall threshold 480s)
[18:43:25] STALL DETECTED (idle=504s, batch_alive=1). Restart #1/12.
[18:43:25]   Last log lines before restart:
[18:43:25]     Restarting swarm for a clean run...
[18:43:25]     [restart] (16/60) Killing stale processes...
[18:43:25]     [restart] Launching start_swarm_motion.sh (log: /tmp/swarm_restart_1783532070.log)...
[18:43:25]     [restart] Swarm ready after 60s.
[18:43:25]     → RUNNING (attempt 1)...
[18:43:25]   Killing everything...
[18:43:29]   Booting fresh swarm...
[18:44:21]   Swarm ready after 57s.
[18:44:21]   Relaunching batch (resume logic will skip completed combos)...
[18:44:21]   Batch relaunched, PID 200146.
[21:58:47] STALL DETECTED (idle=488s, batch_alive=1). Restart #2/12.
[21:58:47]   Last log lines before restart:
[21:58:47]     Restarting swarm for a clean run...
[21:58:47]     [restart] (38/60) Killing stale processes...
[21:58:47]     [restart] Launching start_swarm_motion.sh (log: /tmp/swarm_restart_1783543785.log)...
[21:58:47]     [restart] Swarm ready after 60s.
[21:58:47]     → RUNNING (attempt 1)...
[21:58:47]   Killing everything...
[21:58:52]   Booting fresh swarm...
[21:59:44]   Swarm ready after 57s.
[21:59:44]   Relaunching batch (resume logic will skip completed combos)...
[21:59:44]   Batch relaunched, PID 363593.
[12:23:12] Watchdog started. Watching /tmp/run_all_motion_clean2.log (stall threshold 480s)
[13:49:36] BATCH COMPLETE detected. Watchdog exiting cleanly.
[13:49:36] Watchdog stopped.
